Accel: 0, 0, 2048 | Gyro: 0, 0, 0 | GPS: 12.34,56.78,25.0,8
Accel: 0, 0, 2048 | Gyro: 0, 0, 0 | GPS: 12.34,56.78,25.0,8
Accel: 0, 0, 2048 | Gyro: 0, 0, 0 | GPS: 12.34,56.78,25.0,8
Accel: 0, 0, 2048 | Gyro: 0, 0, 0 | GPS: 12.34,56.78,25.0,8
Accel: 0, 0, 2048 | Gyro: 0, 0, 0 | GPS: 12.34,56.78,25.0,8
Accel: 0, 0, 2048 | Gyro: 0, 0, 0 | GPS: 12.34,56.78,25.0,8
Accel: 0, 0, 2048 | Gyro: 0, 0, 0 | GPS: 12.34,56.78,25.0,8
Accel: 0, 0, 2048 | Gyro: 0, 0, 0 | GPS: 12.34,56.78,25.0,8
Accel: 0, 0, 2048 | Gyro: 0, 0, 0 | GPS: 12.34,56.78,25.0,8
Accel: 0, 0, 2048 | Gyro: 0, 0, 0 | GPS: 12.34,56.78,25.0,8
Accel: 0, 0, 2048 | Gyro: 0, 0, 0 | GPS: 12.34,56.78,25.0,8
Accel: 0, 0, 2048 | Gyro: 0, 0, 0 | GPS: 12.34,56.78,25.0,8
Accel: 0, 0, 2048 | Gyro: 0, 0, 0 | GPS: 12.34,56.78,25.0,8
Accel: 0, 0, 2048 | Gyro: 0, 0, 0 | GPS: 12.34,56.78,25.0,8
Accel: 0, 0, 2048 | Gyro: 0, 0, 0 | GPS: 12.34,56.78,25.0,8
Accel: 0, 0, 2048 | Gyro: 0, 0, 0 | GPS: 12.34,56.78,25.0,8
Accel: 0, 0, 2048 | Gyro: 0, 0, 0 | GPS: 12.34,56.78,25.0,8
Accel: 0, 0, 2048 | Gyro: 0, 0, 0 | GPS: 12.34,56.78,25.0,8
Accel: 0, 0, 2048 | Gyro: 0, 0, 0 | GPS: 12.34,56.78,25.0,8
Accel: 0, 0, 2048 | Gyro: 0, 0, 0 | GPS: 12.34,56.78,25.0,8
Accel: 0, 0, 2048 | Gyro: 0, 0, 0 | GPS: 12.34,56.78,25.0,8
Accel: 0, 0, 2048 | Gyro: 0, 0, 0 | GPS: 12.34,56.78,25.0,8
Accel: 0, 0, 2048 | Gyro: 0, 0, 0 | GPS: 12.34,56.78,25.0,8
Accel: 0, 0, 2048 | Gyro: 0, 0, 0 | GPS: 12.34,56.78,25.0,8
Accel: 0, 0, 2048 | Gyro: 0, 0, 0 | GPS: 12.34,56.78,25.0,8
Accel: 0, 0, 2048 | Gyro: 0, 0, 0 | GPS: 12.34,56.78,25.0,8
Accel: 0, 0, 2048 | Gyro: 0, 0, 0 | GPS: 12.34,56.78,25.0,8
Accel: 0, 0, 2048 | Gyro: 0, 0, 0 | GPS: 12.34,56.78,25.0,8
Accel: 0, 0, 2048 | Gyro: 0, 0, 0 | GPS: 12.34,56.78,25.0,8
Accel: 0, 0, 2048 | Gyro: 0, 0, 0 | GPS: 12.34,56.78,25.0,8
Accel: 0, 0, 2048 | Gyro: 0, 0, 0 | GPS: 12.34,56.78,25.0,8
Accel: 0, 0, 2048 | Gyro: 0, 0, 0 | GPS: 12.34,56.78,25.0,8
Accel: 0, 0, 2048 | Gyro: 0, 0, 0 | GPS: 12.34,56.78,25.0,8
Accel: 0, 0, 2048 | Gyro: 0, 0, 0 | GPS: 12.34,56.78,25.0,8
Accel: 0, 0, 2048 | Gyro: 0, 0, 0 | GPS: 12.34,56.78,25.0,8
Accel: 0, 0, 2048 | Gyro: 0, 0, 0 | GPS: 12.34,56.78,25.0,8
Accel: 0, 0, 2048 | Gyro: 0, 0, 0 | GPS: 12.34,56.78,25.0,8
Accel: 0, 0, 2048 | Gyro: 0, 0, 0 | GPS: 12.34,56.78,25.0,8
Accel: 0, 0, 2048 | Gyro: 0, 0, 0 | GPS: 12.34,56.78,25.0,8
Accel: 0, 0, 2048 | Gyro: 0, 0, 0 | GPS: 12.34,56.78,25.0,8
Accel: 0, 0, 2048 | Gyro: 0, 0, 0 | GPS: 12.34,56.78,25.0,8
Accel: 0, 0, 2048 | Gyro: 0, 0, 0 | GPS: 12.34,56.78,25.0,8
Accel: 0, 0, 2048 | Gyro: 0, 0, 0 | GPS: 12.34,56.78,25.0,8
Accel: 0, 0, 2048 | Gyro: 0, 0, 0 | GPS: 12.34,56.78,25.0,8
Accel: 0, 0, 2048 | Gyro: 0, 0, 0 | GPS: 12.34,56.78,25.0,8
Accel: 0, 0, 2048 | Gyro: 0, 0, 0 | GPS: 12.34,56.78,25.0,8
Accel: 0, 0, 2048 | Gyro: 0, 0, 0 | GPS: 12.34,56.78,25.0,8
Accel: 0, 0, 2048 | Gyro: 0, 0, 0 | GPS: 12.34,56.78,25.0,8
Accel: 0, 0, 2048 | Gyro: 0, 0, 0 | GPS: 12.34,56.78,25.0,8
Accel: 0, 0, 2048 | Gyro: 0, 0, 0 | GPS: 12.34,56.78,25.0,8
Accel: 0, 0, 2048 | Gyro: 0, 0, 0 | GPS: 12.34,56.78,25.0,8
Accel: 0, 0, 2048 | Gyro: 0, 0, 0 | GPS: 12.34,56.78,25.0,8
Accel: 0, 0, 2048 | Gyro: 0, 0, 0 | GPS: 12.34,56.78,25.0,8
Accel: 0, 0, 2048 | Gyro: 0, 0, 0 | GPS: 12.34,56.78,25.0,8
Accel: 0, 0, 2048 | Gyro: 0, 0, 0 | GPS: 12.34,56.78,25.0,8
Accel: 0, 0, 2048 | Gyro: 0, 0, 0 | GPS: 12.34,56.78,25.0,8
Accel: 0, 0, 2048 | Gyro: 0, 0, 0 | GPS: 12.34,56.78,25.0,8
Accel: 0, 0, 2048 | Gyro: 0, 0, 0 | GPS: 12.34,56.78,25.0,8
Accel: 0, 0, 2048 | Gyro: 0, 0, 0 | GPS: 12.34,56.78,25.0,8
Accel: 0, 0, 2048 | Gyro: 0, 0, 0 | GPS: 12.34,56.78,25.0,8
Accel: 0, 0, 2048 | Gyro: 0, 0, 0 | GPS: 12.34,56.78,25.0,8
Accel: 0, 0, 2048 | Gyro: 0, 0, 0 | GPS: 12.34,56.78,25.0,8
Accel: 0, 0, 2048 | Gyro: 0, 0, 0 | GPS: 12.34,56.78,25.0,8
Accel: 0, 0, 2048 | Gyro: 0, 0, 0 | GPS: 12.34,56.78,25.0,8
Accel: 0, 0, 2048 | Gyro: 0, 0, 0 | GPS: 12.34,56.78,25.0,8
Accel: 0, 0, 2048 | Gyro: 0, 0, 0 | GPS: 12.34,56.78,25.0,8
Accel: 0, 0, 2048 | Gyro: 0, 0, 0 | GPS: 12.34,56.78,25.0,8
Accel: 0, 0, 2048 | Gyro: 0, 0, 0 | GPS: 12.34,56.78,25.0,8
Accel: 0, 0, 2048 | Gyro: 0, 0, 0 | GPS: 12.34,56.78,25.0,8
Accel: 0, 0, 2048 | Gyro: 0, 0, 0 | GPS: 12.34,56.78,25.0,8
Accel: 0, 0, 2048 | Gyro: 0, 0, 0 | GPS: 12.34,56.78,25.0,8
Accel: 0, 0, 2048 | Gyro: 0, 0, 0 | GPS: 12.34,56.78,25.0,8
Accel: 0, 0, 2048 | Gyro: 0, 0, 0 | GPS: 12.34,56.78,25.0,8
Accel: 0, 0, 2048 | Gyro: 0, 0, 0 | GPS: 12.34,56.78,25.0,8
Accel: 0, 0, 2048 | Gyro: 0, 0, 0 | GPS: 12.34,56.78,25.0,8
Accel: 0, 0, 2048 | Gyro: 0, 0, 0 | GPS: 12.34,56.78,25.0,8
Accel: 0, 0, 2048 | Gyro: 0, 0, 0 | GPS: 12.34,56.78,25.0,8
Accel: 0, 0, 2048 | Gyro: 0, 0, 0 | GPS: 12.34,56.78,25.0,8
Accel: 0, 0, 2048 | Gyro: 0, 0, 0 | GPS: 12.34,56.78,25.0,8
Accel: 0, 0, 2048 | Gyro: 0, 0, 0 | GPS: 12.34,56.78,25.0,8
Accel: 0, 0, 2048 | Gyro: 0, 0, 0 | GPS: 12.34,56.78,25.0,8
Accel: 0, 0, 2048 | Gyro: 0, 0, 0 | GPS: 12.34,56.78,25.0,8
Accel: 0, 0, 2048 | Gyro: 0, 0, 0 | GPS: 12.34,56.78,25.0,8
Accel: 0, 0, 2048 | Gyro: 0, 0, 0 | GPS: 12.34,56.78,25.0,8
Accel: 0, 0, 2048 | Gyro: 0, 0, 0 | GPS: 12.34,56.78,25.0,8
Accel: 0, 0, 2048 | Gyro: 0, 0, 0 | GPS: 12.34,56.78,25.0,8
Accel: 0, 0, 2048 | Gyro: 0, 0, 0 | GPS: 12.34,56.78,25.0,8
Accel: 0, 0, 2048 | Gyro: 0, 0, 0 | GPS: 12.34,56.78,25.0,8
Accel: 0, 0, 2048 | Gyro: 0, 0, 0 | GPS: 12.34,56.78,25.0,8
Accel: 0, 0, 2048 | Gyro: 0, 0, 0 | GPS: 12.34,56.78,25.0,8
Accel: 0, 0, 2048 | Gyro: 0, 0, 0 | GPS: 12.34,56.78,25.0,8
Accel: 0, 0, 2048 | Gyro: 0, 0, 0 | GPS: 12.34,56.78,25.0,8
Accel: 0, 0, 2048 | Gyro: 0, 0, 0 | GPS: 12.34,56.78,25.0,8
Accel: 0, 0, 2048 | Gyro: 0, 0, 0 | GPS: 12.34,56.78,25.0,8
Accel: 0, 0, 2048 | Gyro: 0, 0, 0 | GPS: 12.34,56.78,25.0,8
Accel: 0, 0, 2048 | Gyro: 0, 0, 0 | GPS: 12.34,56.78,25.0,8
Accel: 0, 0, 2048 | Gyro: 0, 0, 0 | GPS: 12.34,56.78,25.0,8
Accel: 0, 0, 2048 | Gyro: 0, 0, 0 | GPS: 12.34,56.78,25.0,8
Accel: 0, 0, 2048 | Gyro: 0, 0, 0 | GPS: 12.34,56.78,25.0,8
Accel: 0, 0, 2048 | Gyro: 0, 0, 0 | GPS: 12.34,56.78,25.0,8
Accel: 0, 0, 2048 | Gyro: 0, 0, 0 | GPS: 12.34,56.78,25.0,8
Accel: 0, 0, 2048 | Gyro: 0, 0, 0 | GPS: 12.34,56.78,25.0,8
Accel: 0, 0, 2048 | Gyro: 0, 0, 0 | GPS: 12.34,56.78,25.0,8
Accel: 0, 0, 2048 | Gyro: 0, 0, 0 | GPS: 12.34,56.78,25.0,8
Accel: 0, 0, 2048 | Gyro: 0, 0, 0 | GPS: 12.34,56.78,25.0,8
Accel: 0, 0, 2048 | Gyro: 0, 0, 0 | GPS: 12.34,56.78,25.0,8
Accel: 0, 0, 2048 | Gyro: 0, 0, 0 | GPS: 12.34,56.78,25.0,8
Accel: 0, 0, 2048 | Gyro: 0, 0, 0 | GPS: 12.34,56.78,25.0,8
Accel: 0, 0, 2048 | Gyro: 0, 0, 0 | GPS: 12.34,56.78,25.0,8
Accel: 0, 0, 2048 | Gyro: 0, 0, 0 | GPS: 12.34,56.78,25.0,8
Accel: 0, 0, 2048 | Gyro: 0, 0, 0 | GPS: 12.34,56.78,25.0,8
Accel: 0, 0, 2048 | Gyro: 0, 0, 0 | GPS: 12.34,56.78,25.0,8
Accel: 0, 0, 2048 | Gyro: 0, 0, 0 | GPS: 12.34,56.78,25.0,8
Accel: 0, 0, 2048 | Gyro: 0, 0, 0 | GPS: 12.34,56.78,25.0,8
Accel: 0, 0, 2048 | Gyro: 0, 0, 0 | GPS: 12.34,56.78,25.0,8
Accel: 0, 0, 2048 | Gyro: 0, 0, 0 | GPS: 12.34,56.78,25.0,8
Accel: 0, 0, 2048 | Gyro: 0, 0, 0 | GPS: 12.34,56.78,25.0,8
Accel: 0, 0, 2048 | Gyro: 0, 0, 0 | GPS: 12.34,56.78,25.0,8
Accel: 0, 0, 2048 | Gyro: 0, 0, 0 | GPS: 12.34,56.78,25.0,8
Accel: 0, 0, 2048 | Gyro: 0, 0, 0 | GPS: 12.34,56.78,25.0,8
Accel: 0, 0, 2048 | Gyro: 0, 0, 0 | GPS: 12.34,56.78,25.0,8
Accel: 0, 0, 2048 | Gyro: 0, 0, 0 | GPS: 12.34,56.78,25.0,8
Accel: 0, 0, 2048 | Gyro: 0, 0, 0 | GPS: 12.34,56.78,25.0,8
Accel: 0, 0, 2048 | Gyro: 0, 0, 0 | GPS: 12.34,56.78,25.0,8
Accel: 0, 0, 2048 | Gyro: 0, 0, 0 | GPS: 12.34,56.78,25.0,8
Accel: 0, 0, 2048 | Gyro: 0, 0, 0 | GPS: 12.34,56.78,25.0,8
Accel: 0, 0, 2048 | Gyro: 0, 0, 0 | GPS: 12.34,56.78,25.0,8
Accel: 0, 0, 2048 | Gyro: 0, 0, 0 | GPS: 12.34,56.78,25.0,8
Accel: 0, 0, 2048 | Gyro: 0, 0, 0 | GPS: 12.34,56.78,25.0,8
Accel: 0, 0, 2048 | Gyro: 0, 0, 0 | GPS: 12.34,56.78,25.0,8
Accel: 0, 0, 2048 | Gyro: 0, 0, 0 | GPS: 12.34,56.78,25.0,8
Accel: 0, 0, 2048 | Gyro: 0, 0, 0 | GPS: 12.34,56.78,25.0,8
Accel: 0, 0, 2048 | Gyro: 0, 0, 0 | GPS: 12.34,56.78,25.0,8
Accel: 0, 0, 2048 | Gyro: 0, 0, 0 | GPS: 12.34,56.78,25.0,8
Accel: 0, 0, 2048 | Gyro: 0, 0, 0 | GPS: 12.34,56.78,25.0,8
Accel: 0, 0, 2048 | Gyro: 0, 0, 0 | GPS: 12.34,56.78,25.0,8
Accel: 0, 0, 2048 | Gyro: 0, 0, 0 | GPS: 12.34,56.78,25.0,8
Accel: 0, 0, 2048 | Gyro: 0, 0, 0 | GPS: 12.34,56.78,25.0,8
Accel: 0, 0, 2048 | Gyro: 0, 0, 0 | GPS: 12.34,56.78,25.0,8
Accel: 0, 0, 2048 | Gyro: 0, 0, 0 | GPS: 12.34,56.78,25.0,8
Accel: 0, 0, 2048 | Gyro: 0, 0, 0 | GPS: 12.34,56.78,25.0,8
Accel: 0, 0, 2048 | Gyro: 0, 0, 0 | GPS: 12.34,56.78,25.0,8
Accel: 0, 0, 2048 | Gyro: 0, 0, 0 | GPS: 12.34,56.78,25.0,8
Accel: 0, 0, 2048 | Gyro: 0, 0, 0 | GPS: 12.34,56.78,25.0,8
Accel: 0, 0, 2048 | Gyro: 0, 0, 0 | GPS: 12.34,56.78,25.0,8
Accel: 0, 0, 2048 | Gyro: 0, 0, 0 | GPS: 12.34,56.78,25.0,8
Accel: 0, 0, 2048 | Gyro: 0, 0, 0 | GPS: 12.34,56.78,25.0,8
Accel: 0, 0, 2048 | Gyro: 0, 0, 0 | GPS: 12.34,56.78,25.0,8
Accel: 0, 0, 2048 | Gyro: 0, 0, 0 | GPS: 12.34,56.78,25.0,8
Accel: 0, 0, 2048 | Gyro: 0, 0, 0 | GPS: 12.34,56.78,25.0,8
Accel: 0, 0, 2048 | Gyro: 0, 0, 0 | GPS: 12.34,56.78,25.0,8
Accel: 0, 0, 2048 | Gyro: 0, 0, 0 | GPS: 12.34,56.78,25.0,8
Accel: 0, 0, 2048 | Gyro: 0, 0, 0 | GPS: 12.34,56.78,25.0,8
Accel: 0, 0, 2048 | Gyro: 0, 0, 0 | GPS: 12.34,56.78,25.0,8
Accel: 0, 0, 2048 | Gyro: 0, 0, 0 | GPS: 12.34,56.78,25.0,8
Accel: 0, 0, 2048 | Gyro: 0, 0, 0 | GPS: 12.34,56.78,25.0,8
Accel: 0, 0, 2048 | Gyro: 0, 0, 0 | GPS: 12.34,56.78,25.0,8
Accel: 0, 0, 2048 | Gyro: 0, 0, 0 | GPS: 12.34,56.78,25.0,8
Accel: 0, 0, 2048 | Gyro: 0, 0, 0 | GPS: 12.34,56.78,25.0,8
Accel: 0, 0, 2048 | Gyro: 0, 0, 0 | GPS: 12.34,56.78,25.0,8
Accel: 0, 0, 2048 | Gyro: 0, 0, 0 | GPS: 12.34,56.78,25.0,8
Accel: 0, 0, 2048 | Gyro: 0, 0, 0 | GPS: 12.34,56.78,25.0,8
Accel: 0, 0, 2048 | Gyro: 0, 0, 0 | GPS: 12.34,56.78,25.0,8
Accel: 0, 0, 2048 | Gyro: 0, 0, 0 | GPS: 12.34,56.78,25.0,8
Accel: 0, 0, 2048 | Gyro: 0, 0, 0 | GPS: 12.34,56.78,25.0,8
Accel: 0, 0, 2048 | Gyro: 0, 0, 0 | GPS: 12.34,56.78,25.0,8
Accel: 0, 0, 2048 | Gyro: 0, 0, 0 | GPS: 12.34,56.78,25.0,8
Accel: 0, 0, 2048 | Gyro: 0, 0, 0 | GPS: 12.34,56.78,25.0,8
Accel: 0, 0, 2048 | Gyro: 0, 0, 0 | GPS: 12.34,56.78,25.0,8
Accel: 0, 0, 2048 | Gyro: 0, 0, 0 | GPS: 12.34,56.78,25.0,8
Accel: 0, 0, 2048 | Gyro: 0, 0, 0 | GPS: 12.34,56.78,25.0,8
Accel: 0, 0, 2048 | Gyro: 0, 0, 0 | GPS: 12.34,56.78,25.0,8
Accel: 0, 0, 2048 | Gyro: 0, 0, 0 | GPS: 12.34,56.78,25.0,8
Accel: 0, 0, 2048 | Gyro: 0, 0, 0 | GPS: 12.34,56.78,25.0,8
Accel: 0, 0, 2048 | Gyro: 0, 0, 0 | GPS: 12.34,56.78,25.0,8
Accel: 0, 0, 2048 | Gyro: 0, 0, 0 | GPS: 12.34,56.78,25.0,8
Accel: 0, 0, 2048 | Gyro: 0, 0, 0 | GPS: 12.34,56.78,25.0,8
Accel: 0, 0, 2048 | Gyro: 0, 0, 0 | GPS: 12.34,56.78,25.0,8
Accel: 0, 0, 2048 | Gyro: 0, 0, 0 | GPS: 12.34,56.78,25.0,8
Accel: 0, 0, 2048 | Gyro: 0, 0, 0 | GPS: 12.34,56.78,25.0,8
Accel: 0, 0, 2048 | Gyro: 0, 0, 0 | GPS: 12.34,56.78,25.0,8
Accel: 0, 0, 2048 | Gyro: 0, 0, 0 | GPS: 12.34,56.78,25.0,8
Accel: 0, 0, 2048 | Gyro: 0, 0, 0 | GPS: 12.34,56.78,25.0,8
Accel: 0, 0, 2048 | Gyro: 0, 0, 0 | GPS: 12.34,56.78,25.0,8
Accel: 0, 0, 2048 | Gyro: 0, 0, 0 | GPS: 12.34,56.78,25.0,8
Accel: 0, 0, 2048 | Gyro: 0, 0, 0 | GPS: 12.34,56.78,25.0,8
Accel: 0, 0, 2048 | Gyro: 0, 0, 0 | GPS: 12.34,56.78,25.0,8
Accel: 0, 0, 2048 | Gyro: 0, 0, 0 | GPS: 12.34,56.78,25.0,8
Accel: 0, 0, 2048 | Gyro: 0, 0, 0 | GPS: 12.34,56.78,25.0,8
Accel: 0, 0, 2048 | Gyro: 0, 0, 0 | GPS: 12.34,56.78,25.0,8
Accel: 0, 0, 2048 | Gyro: 0, 0, 0 | GPS: 12.34,56.78,25.0,8
Accel: 0, 0, 2048 | Gyro: 0, 0, 0 | GPS: 12.34,56.78,25.0,8
Accel: 0, 0, 2048 | Gyro: 0, 0, 0 | GPS: 12.34,56.78,25.0,8
Accel: 0, 0, 2048 | Gyro: 0, 0, 0 | GPS: 12.34,56.78,25.0,8
Accel: 0, 0, 2048 | Gyro: 0, 0, 0 | GPS: 12.34,56.78,25.0,8
Accel: 0, 0, 2048 | Gyro: 0, 0, 0 | GPS: 12.34,56.78,25.0,8
Accel: 0, 0, 2048 | Gyro: 0, 0, 0 | GPS: 12.34,56.78,25.0,8
Accel: 0, 0, 2048 | Gyro: 0, 0, 0 | GPS: 12.34,56.78,25.0,8
Accel: 0, 0, 2048 | Gyro: 0, 0, 0 | GPS: 12.34,56.78,25.0,8
Accel: 0, 0, 2048 | Gyro: 0, 0, 0 | GPS: 12.34,56.78,25.0,8
Accel: 30720, 10240, 10240 | Gyro: 0, 0, 0 | GPS: 12.34,56.78,25.0,8
Accel: 30720, 10240, 10240 | Gyro: 0, 0, 0 | GPS: 12.34,56.78,25.0,8
Accel: 30720, 10240, 10240 | Gyro: 0, 0, 0 | GPS: 12.34,56.78,25.0,8
Accel: 30720, 10240, 10240 | Gyro: 0, 0, 0 | GPS: 12.34,56.78,25.0,8
Accel: 30720, 10240, 10240 | Gyro: 0, 0, 0 | GPS: 12.34,56.78,25.0,8
Accel: 30720, 10240, 10240 | Gyro: 0, 0, 0 | GPS: 12.34,56.78,25.0,8
Accel: 30720, 10240, 10240 | Gyro: 0, 0, 0 | GPS: 12.34,56.78,25.0,8
Accel: 30720, 10240, 10240 | Gyro: 0, 0, 0 | GPS: 12.34,56.78,25.0,8
Accel: 30720, 10240, 10240 | Gyro: 0, 0, 0 | GPS: 12.34,56.78,25.0,8
Accel: 30720, 10240, 10240 | Gyro: 0, 0, 0 | GPS: 12.34,56.78,25.0,8
Accel: 283, 2139, 3221 | Gyro: 32142, 0, 0 | GPS: 12.34,56.78,25.0,8
Accel: 7645, -2843, 2510 | Gyro: -47458, 0, 0 | GPS: 12.34,56.78,25.0,8
Accel: -8164, -3926, 2657 | Gyro: -36312, 0, 0 | GPS: 12.34,56.78,25.0,8
Accel: -2022, -7660, 8187 | Gyro: 49556, 0, 0 | GPS: 12.34,56.78,25.0,8
Accel: -3033, 2949, 9313 | Gyro: 10392, 0, 0 | GPS: 12.34,56.78,25.0,8
Accel: 5392, 3004, 6576 | Gyro: 50559, 0, 0 | GPS: 12.34,56.78,25.0,8
Accel: 7972, -1114, 572 | Gyro: -21, 0, 0 | GPS: 12.34,56.78,25.0,8
Accel: -1635, -2256, 4904 | Gyro: 2993, 0, 0 | GPS: 12.34,56.78,25.0,8
Accel: -7610, 4532, 4887 | Gyro: -21849, 0, 0 | GPS: 12.34,56.78,25.0,8
Accel: -6982, -7974, 7426 | Gyro: 10823, 0, 0 | GPS: 12.34,56.78,25.0,8
Accel: 1172, 1609, 2411 | Gyro: -44458, 0, 0 | GPS: 12.34,56.78,25.0,8
Accel: -4346, 5321, 9959 | Gyro: 10984, 0, 0 | GPS: 12.34,56.78,25.0,8
Accel: 4251, -4874, 8562 | Gyro: -12907, 0, 0 | GPS: 12.34,56.78,25.0,8
Accel: 7208, -6304, 3060 | Gyro: 23358, 0, 0 | GPS: 12.34,56.78,25.0,8
Accel: 650, -8184, 2428 | Gyro: -14549, 0, 0 | GPS: 12.34,56.78,25.0,8
Accel: -4888, 3727, 6337 | Gyro: -39698, 0, 0 | GPS: 12.34,56.78,25.0,8
Accel: 6468, 2606, 9446 | Gyro: -32498, 0, 0 | GPS: 12.34,56.78,25.0,8
Accel: -7453, 756, 6257 | Gyro: 44543, 0, 0 | GPS: 12.34,56.78,25.0,8
Accel: -4959, -2103, 2477 | Gyro: 34970, 0, 0 | GPS: 12.34,56.78,25.0,8
Accel: -2058, -2889, 8639 | Gyro: 37746, 0, 0 | GPS: 12.34,56.78,25.0,8
Accel: 936, 4248, 4232 | Gyro: -42399, 0, 0 | GPS: 12.34,56.78,25.0,8
Accel: 5137, 4874, 548 | Gyro: 4584, 0, 0 | GPS: 12.34,56.78,25.0,8
Accel: -7618, -884, 9387 | Gyro: -6694, 0, 0 | GPS: 12.34,56.78,25.0,8
Accel: 7688, 3117, 1380 | Gyro: 3231, 0, 0 | GPS: 12.34,56.78,25.0,8
Accel: -1503, -3810, 3940 | Gyro: -18582, 0, 0 | GPS: 12.34,56.78,25.0,8
Accel: -8026, -1509, 501 | Gyro: 26310, 0, 0 | GPS: 12.34,56.78,25.0,8
Accel: 5731, -2824, 7633 | Gyro: 24248, 0, 0 | GPS: 12.34,56.78,25.0,8
Accel: -7426, -2203, 1687 | Gyro: -22998, 0, 0 | GPS: 12.34,56.78,25.0,8
Accel: 2492, 782, 9448 | Gyro: -51527, 0, 0 | GPS: 12.34,56.78,25.0,8
Accel: 4187, -2999, 1772 | Gyro: -52220, 0, 0 | GPS: 12.34,56.78,25.0,8
Accel: -4139, -9, 8162 | Gyro: -13944, 0, 0 | GPS: 12.34,56.78,25.0,8
Accel: 5876, 3300, 1051 | Gyro: 2327, 0, 0 | GPS: 12.34,56.78,25.0,8
Accel: -1626, -5879, 9559 | Gyro: -45893, 0, 0 | GPS: 12.34,56.78,25.0,8
Accel: -1809, 8098, 2793 | Gyro: 153, 0, 0 | GPS: 12.34,56.78,25.0,8
Accel: 4499, 7114, 2641 | Gyro: -43321, 0, 0 | GPS: 12.34,56.78,25.0,8
Accel: -6970, -7113, 3500 | Gyro: -6479, 0, 0 | GPS: 12.34,56.78,25.0,8
Accel: -3576, -3059, 8014 | Gyro: 28169, 0, 0 | GPS: 12.34,56.78,25.0,8
Accel: 1038, -4665, 5645 | Gyro: 17598, 0, 0 | GPS: 12.34,56.78,25.0,8
Accel: 5790, -7003, 1616 | Gyro: -3756, 0, 0 | GPS: 12.34,56.78,25.0,8
Accel: -189, 4694, 3926 | Gyro: -26492, 0, 0 | GPS: 12.34,56.78,25.0,8
Accel: -3366, 1304, 6025 | Gyro: 3362, 0, 0 | GPS: 12.34,56.78,25.0,8
Accel: -4570, -1858, 7142 | Gyro: -33258, 0, 0 | GPS: 12.34,56.78,25.0,8
Accel: 6444, -2273, 4771 | Gyro: 1945, 0, 0 | GPS: 12.34,56.78,25.0,8
Accel: -7296, 6376, 3114 | Gyro: -19084, 0, 0 | GPS: 12.34,56.78,25.0,8
Accel: -1146, 116, 7916 | Gyro: -14934, 0, 0 | GPS: 12.34,56.78,25.0,8
Accel: -2810, -6238, 1000 | Gyro: -22235, 0, 0 | GPS: 12.34,56.78,25.0,8
Accel: 1480, -5874, 6269 | Gyro: 24478, 0, 0 | GPS: 12.34,56.78,25.0,8
Accel: 2322, 4226, 6488 | Gyro: -29094, 0, 0 | GPS: 12.34,56.78,25.0,8
Accel: -5719, -2779, 888 | Gyro: 2034, 0, 0 | GPS: 12.34,56.78,25.0,8
Accel: -7862, -5975, 549 | Gyro: -3344, 0, 0 | GPS: 12.34,56.78,25.0,8
Accel: -5854, 5063, 5456 | Gyro: -8415, 0, 0 | GPS: 12.34,56.78,25.0,8
Accel: -2352, 6449, 6796 | Gyro: 18360, 0, 0 | GPS: 12.34,56.78,25.0,8
Accel: 6179, 769, 8909 | Gyro: 1740, 0, 0 | GPS: 12.34,56.78,25.0,8
Accel: -7795, -4956, 5905 | Gyro: -24564, 0, 0 | GPS: 12.34,56.78,25.0,8
Accel: -2004, 3380, 612 | Gyro: 14086, 0, 0 | GPS: 12.34,56.78,25.0,8
Accel: 6196, -7834, 832 | Gyro: -5123, 0, 0 | GPS: 12.34,56.78,25.0,8
Accel: -2632, -2431, 7225 | Gyro: 490, 0, 0 | GPS: 12.34,56.78,25.0,8
Accel: 5230, -3041, 5123 | Gyro: 10800, 0, 0 | GPS: 12.34,56.78,25.0,8
Accel: -2537, 5948, 6397 | Gyro: -34029, 0, 0 | GPS: 12.34,56.78,25.0,8
Accel: -7121, -1533, 1871 | Gyro: -4599, 0, 0 | GPS: 12.34,56.78,25.0,8
Accel: -7761, 307, 4779 | Gyro: -46, 0, 0 | GPS: 12.34,56.78,25.0,8
Accel: -2187, 2629, 3489 | Gyro: -3731, 0, 0 | GPS: 12.34,56.78,25.0,8
Accel: -2617, 414, 2547 | Gyro: 34855, 0, 0 | GPS: 12.34,56.78,25.0,8
Accel: 6140, -7227, 354 | Gyro: -26344, 0, 0 | GPS: 12.34,56.78,25.0,8
Accel: 6729, -5237, 7066 | Gyro: -13343, 0, 0 | GPS: 12.34,56.78,25.0,8
Accel: -2278, -2118, 7154 | Gyro: 26593, 0, 0 | GPS: 12.34,56.78,25.0,8
Accel: 7859, 3743, 351 | Gyro: 20430, 0, 0 | GPS: 12.34,56.78,25.0,8
Accel: 3377, -7469, 3710 | Gyro: 7557, 0, 0 | GPS: 12.34,56.78,25.0,8
Accel: 3044, -5643, 2130 | Gyro: 31339, 0, 0 | GPS: 12.34,56.78,25.0,8
Accel: -1977, -3328, 4008 | Gyro: 17944, 0, 0 | GPS: 12.34,56.78,25.0,8
Accel: 3661, 1852, 3829 | Gyro: 32651, 0, 0 | GPS: 12.34,56.78,25.0,8
Accel: -911, 6582, 6164 | Gyro: 14606, 0, 0 | GPS: 12.34,56.78,25.0,8
Accel: 2577, -2219, 1042 | Gyro: -47376, 0, 0 | GPS: 12.34,56.78,25.0,8
Accel: -3776, -2385, 2029 | Gyro: 50407, 0, 0 | GPS: 12.34,56.78,25.0,8
Accel: -2761, -1738, 383 | Gyro: 24137, 0, 0 | GPS: 12.34,56.78,25.0,8
Accel: -738, -6648, 10158 | Gyro: -19967, 0, 0 | GPS: 12.34,56.78,25.0,8
Accel: -6170, 6508, 10086 | Gyro: 44197, 0, 0 | GPS: 12.34,56.78,25.0,8
Accel: 1830, 6545, 3403 | Gyro: 24441, 0, 0 | GPS: 12.34,56.78,25.0,8
Accel: 16, -5029, 488 | Gyro: -32695, 0, 0 | GPS: 12.34,56.78,25.0,8
Accel: -4857, 3236, 9139 | Gyro: 18679, 0, 0 | GPS: 12.34,56.78,25.0,8
Accel: -4525, -7726, 42 | Gyro: 9516, 0, 0 | GPS: 12.34,56.78,25.0,8
Accel: 7759, 3673, 626 | Gyro: 30376, 0, 0 | GPS: 12.34,56.78,25.0,8
Accel: -151, -7343, 8577 | Gyro: 36823, 0, 0 | GPS: 12.34,56.78,25.0,8
Accel: -7583, -960, 4672 | Gyro: 26795, 0, 0 | GPS: 12.34,56.78,25.0,8
Accel: -4907, 2229, 7337 | Gyro: -32590, 0, 0 | GPS: 12.34,56.78,25.0,8
Accel: 7493, -1766, 7832 | Gyro: -16097, 0, 0 | GPS: 12.34,56.78,25.0,8
Accel: 5238, -856, 3887 | Gyro: -18267, 0, 0 | GPS: 12.34,56.78,25.0,8
Accel: -4136, -6929, 8185 | Gyro: 14609, 0, 0 | GPS: 12.34,56.78,25.0,8
Accel: -5089, 7765, 4835 | Gyro: -43309, 0, 0 | GPS: 12.34,56.78,25.0,8
Accel: -2065, -2702, 5921 | Gyro: -1675, 0, 0 | GPS: 12.34,56.78,25.0,8
Accel: 10, -3658, 1997 | Gyro: -1900, 0, 0 | GPS: 12.34,56.78,25.0,8
Accel: -6822, 3069, 4936 | Gyro: -18394, 0, 0 | GPS: 12.34,56.78,25.0,8
Accel: 2252, -1681, 10173 | Gyro: 41245, 0, 0 | GPS: 12.34,56.78,25.0,8
Accel: 6793, -3656, 1217 | Gyro: -50819, 0, 0 | GPS: 12.34,56.78,25.0,8
Accel: 3971, -4622, 6321 | Gyro: 6798, 0, 0 | GPS: 12.34,56.78,25.0,8
Accel: 3975, 4350, 8591 | Gyro: -3943, 0, 0 | GPS: 12.34,56.78,25.0,8
Accel: -3832, -7212, 6213 | Gyro: 34036, 0, 0 | GPS: 12.34,56.78,25.0,8
Accel: 1133, -2259, 3593 | Gyro: 9935, 0, 0 | GPS: 12.34,56.78,25.0,8
Accel: 8060, 7757, 8627 | Gyro: -7015, 0, 0 | GPS: 12.34,56.78,25.0,8
Accel: -2778, -7775, 5853 | Gyro: 20376, 0, 0 | GPS: 12.34,56.78,25.0,8
Accel: 5478, 5412, 3956 | Gyro: 51540, 0, 0 | GPS: 12.34,56.78,25.0,8
Accel: -4909, 5333, 5004 | Gyro: -15088, 0, 0 | GPS: 12.34,56.78,25.0,8
Accel: 1405, -4597, 69 | Gyro: 39490, 0, 0 | GPS: 12.34,56.78,25.0,8
Accel: -2629, 5511, 581 | Gyro: -37262, 0, 0 | GPS: 12.34,56.78,25.0,8
Accel: 71, -1412, 4347 | Gyro: 49173, 0, 0 | GPS: 12.34,56.78,25.0,8
Accel: -6963, 3890, 6464 | Gyro: 44482, 0, 0 | GPS: 12.34,56.78,25.0,8
Accel: 1777, -3444, 3388 | Gyro: 39528, 0, 0 | GPS: 12.34,56.78,25.0,8
Accel: 4447, -6379, 6762 | Gyro: 3265, 0, 0 | GPS: 12.34,56.78,25.0,8
Accel: -1683, 4414, 228 | Gyro: -37675, 0, 0 | GPS: 12.34,56.78,25.0,8
Accel: 2548, -502, 7223 | Gyro: 15424, 0, 0 | GPS: 12.34,56.78,25.0,8
Accel: -6594, 3588, 3095 | Gyro: -36440, 0, 0 | GPS: 12.34,56.78,25.0,8
Accel: -4596, -4253, 7805 | Gyro: 46675, 0, 0 | GPS: 12.34,56.78,25.0,8
Accel: -7254, 2427, 8715 | Gyro: -27843, 0, 0 | GPS: 12.34,56.78,25.0,8
Accel: 4387, -6097, 2713 | Gyro: -27644, 0, 0 | GPS: 12.34,56.78,25.0,8
Accel: -5234, 3652, 4082 | Gyro: 36766, 0, 0 | GPS: 12.34,56.78,25.0,8
Accel: 3859, 7112, 7924 | Gyro: -22504, 0, 0 | GPS: 12.34,56.78,25.0,8
Accel: -3796, -3517, 848 | Gyro: 39233, 0, 0 | GPS: 12.34,56.78,25.0,8
Accel: -5322, 4469, 9436 | Gyro: 1318, 0, 0 | GPS: 12.34,56.78,25.0,8
Accel: 6931, -2006, 5902 | Gyro: 17232, 0, 0 | GPS: 12.34,56.78,25.0,8
Accel: -6048, 2769, 2947 | Gyro: 51569, 0, 0 | GPS: 12.34,56.78,25.0,8
Accel: 5455, -4106, 4202 | Gyro: -9464, 0, 0 | GPS: 12.34,56.78,25.0,8
Accel: -5231, -4920, 3201 | Gyro: 44105, 0, 0 | GPS: 12.34,56.78,25.0,8
Accel: 6489, 1047, 4999 | Gyro: -4917, 0, 0 | GPS: 12.34,56.78,25.0,8
Accel: 4967, 1130, 8254 | Gyro: 14005, 0, 0 | GPS: 12.34,56.78,25.0,8
Accel: -3334, 4140, 5380 | Gyro: 48517, 0, 0 | GPS: 12.34,56.78,25.0,8
Accel: -7875, -3926, 3228 | Gyro: -6571, 0, 0 | GPS: 12.34,56.78,25.0,8
Accel: -1734, 3335, 2265 | Gyro: -7617, 0, 0 | GPS: 12.34,56.78,25.0,8
Accel: -4020, 1930, 468 | Gyro: -18715, 0, 0 | GPS: 12.34,56.78,25.0,8
Accel: -5800, -7167, 8642 | Gyro: -2797, 0, 0 | GPS: 12.34,56.78,25.0,8
Accel: -1693, -5973, 2369 | Gyro: 21298, 0, 0 | GPS: 12.34,56.78,25.0,8
Accel: 6847, 5557, 10052 | Gyro: -40371, 0, 0 | GPS: 12.34,56.78,25.0,8
Accel: 4606, -7486, 2786 | Gyro: 16446, 0, 0 | GPS: 12.34,56.78,25.0,8
Accel: -5335, -3837, 9330 | Gyro: 29908, 0, 0 | GPS: 12.34,56.78,25.0,8
Accel: -7160, 5718, 5266 | Gyro: 7271, 0, 0 | GPS: 12.34,56.78,25.0,8
Accel: 5989, 7773, 9796 | Gyro: -32871, 0, 0 | GPS: 12.34,56.78,25.0,8
Accel: 1012, 4016, 8990 | Gyro: 29297, 0, 0 | GPS: 12.34,56.78,25.0,8
Accel: -5219, 479, 8616 | Gyro: 48638, 0, 0 | GPS: 12.34,56.78,25.0,8
Accel: 2369, 3990, 8996 | Gyro: -51213, 0, 0 | GPS: 12.34,56.78,25.0,8
Accel: -7887, -8164, 4411 | Gyro: -15438, 0, 0 | GPS: 12.34,56.78,25.0,8
Accel: 2981, 3773, 3211 | Gyro: 8105, 0, 0 | GPS: 12.34,56.78,25.0,8
Accel: -6668, 5743, 7007 | Gyro: -1280, 0, 0 | GPS: 12.34,56.78,25.0,8
Accel: 5850, 1046, 1695 | Gyro: 16501, 0, 0 | GPS: 12.34,56.78,25.0,8
Accel: 4674, 2923, 1939 | Gyro: -34628, 0, 0 | GPS: 12.34,56.78,25.0,8
Accel: 5567, 2963, 1992 | Gyro: -31486, 0, 0 | GPS: 12.34,56.78,25.0,8
Accel: -2957, 5504, 856 | Gyro: 38801, 0, 0 | GPS: 12.34,56.78,25.0,8
Accel: -6796, -7234, 6036 | Gyro: 44382, 0, 0 | GPS: 12.34,56.78,25.0,8
Accel: -7629, -4248, 6473 | Gyro: 15815, 0, 0 | GPS: 12.34,56.78,25.0,8
Accel: -1103, 6239, 4688 | Gyro: 45376, 0, 0 | GPS: 12.34,56.78,25.0,8
Accel: -4863, 4283, 9293 | Gyro: 26912, 0, 0 | GPS: 12.34,56.78,25.0,8
Accel: -5174, -1475, 7050 | Gyro: -21477, 0, 0 | GPS: 12.34,56.78,25.0,8
Accel: -1531, -6968, 5075 | Gyro: -41169, 0, 0 | GPS: 12.34,56.78,25.0,8
Accel: 5175, 1275, 1784 | Gyro: -20214, 0, 0 | GPS: 12.34,56.78,25.0,8
Accel: 5327, -1534, 1053 | Gyro: 3873, 0, 0 | GPS: 12.34,56.78,25.0,8
Accel: 7309, -451, 2769 | Gyro: -25092, 0, 0 | GPS: 12.34,56.78,25.0,8
Accel: 5404, -6080, 5888 | Gyro: -4454, 0, 0 | GPS: 12.34,56.78,25.0,8
Accel: 4289, 1460, 2791 | Gyro: -14421, 0, 0 | GPS: 12.34,56.78,25.0,8
Accel: -593, 133, 3084 | Gyro: -20996, 0, 0 | GPS: 12.34,56.78,25.0,8
Accel: -6364, 5550, 561 | Gyro: 2771, 0, 0 | GPS: 12.34,56.78,25.0,8
Accel: -760, 7892, 8214 | Gyro: -46875, 0, 0 | GPS: 12.34,56.78,25.0,8
Accel: -5674, -7597, 3426 | Gyro: -33535, 0, 0 | GPS: 12.34,56.78,25.0,8
Accel: 820, -5186, 6502 | Gyro: 41171, 0, 0 | GPS: 12.34,56.78,25.0,8
Accel: 7015, -1609, 924 | Gyro: 38578, 0, 0 | GPS: 12.34,56.78,25.0,8
Accel: 3934, 6930, 2489 | Gyro: 31653, 0, 0 | GPS: 12.34,56.78,25.0,8
Accel: 5623, -1315, 937 | Gyro: -24618, 0, 0 | GPS: 12.34,56.78,25.0,8
Accel: -4084, 6837, 9301 | Gyro: -25228, 0, 0 | GPS: 12.34,56.78,25.0,8
Accel: 1000, -4600, 2320 | Gyro: 19497, 0, 0 | GPS: 12.34,56.78,25.0,8
Accel: 5447, -6296, 568 | Gyro: -24161, 0, 0 | GPS: 12.34,56.78,25.0,8
Accel: -3379, -4537, 5470 | Gyro: -31077, 0, 0 | GPS: 12.34,56.78,25.0,8
Accel: 3990, 5347, 2608 | Gyro: 37906, 0, 0 | GPS: 12.34,56.78,25.0,8
Accel: -2614, -5174, 8994 | Gyro: -29387, 0, 0 | GPS: 12.34,56.78,25.0,8
Accel: 167, 647, 6913 | Gyro: -36033, 0, 0 | GPS: 12.34,56.78,25.0,8
Accel: 7550, -7190, 1969 | Gyro: 36361, 0, 0 | GPS: 12.34,56.78,25.0,8
Accel: -7972, 5997, 1139 | Gyro: -20538, 0, 0 | GPS: 12.34,56.78,25.0,8
Accel: 3994, -4690, 6802 | Gyro: 41895, 0, 0 | GPS: 12.34,56.78,25.0,8
Accel: -2437, -6345, 6509 | Gyro: 24466, 0, 0 | GPS: 12.34,56.78,25.0,8
Accel: 8127, 4292, 7340 | Gyro: -7616, 0, 0 | GPS: 12.34,56.78,25.0,8
Accel: 3205, -3064, 8757 | Gyro: -34527, 0, 0 | GPS: 12.34,56.78,25.0,8
Accel: 1591, -6485, 3999 | Gyro: -13556, 0, 0 | GPS: 12.34,56.78,25.0,8
Accel: -8012, 2197, 5839 | Gyro: -45653, 0, 0 | GPS: 12.34,56.78,25.0,8
Accel: 1529, -6896, 480 | Gyro: -27983, 0, 0 | GPS: 12.34,56.78,25.0,8
Accel: 4918, -2471, 2910 | Gyro: 35850, 0, 0 | GPS: 12.34,56.78,25.0,8
Accel: 2416, -862, 1387 | Gyro: 26283, 0, 0 | GPS: 12.34,56.78,25.0,8
Accel: 7077, 5160, 4820 | Gyro: 12824, 0, 0 | GPS: 12.34,56.78,25.0,8
Accel: 1469, -1639, 9739 | Gyro: 47588, 0, 0 | GPS: 12.34,56.78,25.0,8
Accel: 778, 7849, 2298 | Gyro: 5334, 0, 0 | GPS: 12.34,56.78,25.0,8
Accel: -4377, -2174, 1333 | Gyro: 35036, 0, 0 | GPS: 12.34,56.78,25.0,8
Accel: 7160, 5644, 3154 | Gyro: -47908, 0, 0 | GPS: 12.34,56.78,25.0,8
Accel: 5259, 485, 5863 | Gyro: 6293, 0, 0 | GPS: 12.34,56.78,25.0,8
Accel: -2145, -4231, 3617 | Gyro: 48417, 0, 0 | GPS: 12.34,56.78,25.0,8
Accel: -5294, 3754, 3790 | Gyro: 2946, 0, 0 | GPS: 12.34,56.78,25.0,8
Accel: -4010, 7084, 534 | Gyro: 0, 0, 0 | GPS: 12.34,56.78,25.0,8
Accel: -4694, 2750, 3023 | Gyro: 0, 0, 0 | GPS: 12.34,56.78,25.0,8
Accel: 2001, 3732, 7284 | Gyro: 0, 0, 0 | GPS: 12.34,56.78,25.0,8
Accel: -1424, 5630, 9428 | Gyro: 0, 0, 0 | GPS: 12.34,56.78,25.0,8
Accel: -1574, 3766, 6674 | Gyro: 0, 0, 0 | GPS: 12.34,56.78,25.0,8
Accel: -7781, -1345, 327 | Gyro: 0, 0, 0 | GPS: 12.34,56.78,25.0,8
Accel: 6613, 1754, 5579 | Gyro: 0, 0, 0 | GPS: 12.34,56.78,25.0,8
Accel: 670, -2925, 4591 | Gyro: 0, 0, 0 | GPS: 12.34,56.78,25.0,8
Accel: 7321, 2448, 6576 | Gyro: 0, 0, 0 | GPS: 12.34,56.78,25.0,8
Accel: -5659, -6276, 7581 | Gyro: 0, 0, 0 | GPS: 12.34,56.78,25.0,8
Accel: -6048, -4871, 1057 | Gyro: 0, 0, 0 | GPS: 12.34,56.78,25.0,8
Accel: -5498, 8091, 5779 | Gyro: 0, 0, 0 | GPS: 12.34,56.78,25.0,8
Accel: 1066, -4550, 3766 | Gyro: 0, 0, 0 | GPS: 12.34,56.78,25.0,8
Accel: 5999, 3189, 1628 | Gyro: 0, 0, 0 | GPS: 12.34,56.78,25.0,8
Accel: -6575, 6592, 5786 | Gyro: 0, 0, 0 | GPS: 12.34,56.78,25.0,8
Accel: 6385, 3550, 6511 | Gyro: 0, 0, 0 | GPS: 12.34,56.78,25.0,8
Accel: -6763, -6512, 8960 | Gyro: 0, 0, 0 | GPS: 12.34,56.78,25.0,8
Accel: -5392, 1615, 4517 | Gyro: 0, 0, 0 | GPS: 12.34,56.78,25.0,8
Accel: 1477, -1559, 249 | Gyro: 0, 0, 0 | GPS: 12.34,56.78,25.0,8
Accel: -5026, 5989, 2279 | Gyro: 0, 0, 0 | GPS: 12.34,56.78,25.0,8
Accel: 4559, 3855, 4869 | Gyro: 0, 0, 0 | GPS: 12.34,56.78,25.0,8
Accel: 6450, -136, 2130 | Gyro: 0, 0, 0 | GPS: 12.34,56.78,25.0,8
Accel: -2339, 7201, 9871 | Gyro: 0, 0, 0 | GPS: 12.34,56.78,25.0,8
Accel: -4145, -392, 7111 | Gyro: 0, 0, 0 | GPS: 12.34,56.78,25.0,8
Accel: -6663, 248, 9760 | Gyro: 0, 0, 0 | GPS: 12.34,56.78,25.0,8
Accel: 6588, 5472, 9651 | Gyro: 0, 0, 0 | GPS: 12.34,56.78,25.0,8
Accel: 1590, 3062, 7687 | Gyro: 0, 0, 0 | GPS: 12.34,56.78,25.0,8
Accel: -3366, 5529, 7865 | Gyro: 0, 0, 0 | GPS: 12.34,56.78,25.0,8
Accel: -6407, -5172, 1392 | Gyro: 0, 0, 0 | GPS: 12.34,56.78,25.0,8
Accel: -5877, 5300, 2764 | Gyro: 0, 0, 0 | GPS: 12.34,56.78,25.0,8
Accel: -5495, -1510, 8805 | Gyro: 0, 0, 0 | GPS: 12.34,56.78,25.0,8
Accel: 5676, -7403, 833 | Gyro: 0, 0, 0 | GPS: 12.34,56.78,25.0,8
Accel: 5390, 3683, 2527 | Gyro: 0, 0, 0 | GPS: 12.34,56.78,25.0,8
Accel: 617, -1976, 3726 | Gyro: 0, 0, 0 | GPS: 12.34,56.78,25.0,8
Accel: 6317, -2092, 103 | Gyro: 0, 0, 0 | GPS: 12.34,56.78,25.0,8
Accel: -1704, 688, 4726 | Gyro: 0, 0, 0 | GPS: 12.34,56.78,25.0,8
Accel: 3594, 4729, 5366 | Gyro: 0, 0, 0 | GPS: 12.34,56.78,25.0,8
Accel: 4956, -2930, 2701 | Gyro: 0, 0, 0 | GPS: 12.34,56.78,25.0,8
Accel: -4062, 7178, 5939 | Gyro: 0, 0, 0 | GPS: 12.34,56.78,25.0,8
Accel: -2004, 3595, 9502 | Gyro: 0, 0, 0 | GPS: 12.34,56.78,25.0,8
Accel: -4508, -1525, 1358 | Gyro: 0, 0, 0 | GPS: 12.34,56.78,25.0,8
Accel: 3392, 2433, 7414 | Gyro: 0, 0, 0 | GPS: 12.34,56.78,25.0,8
Accel: -7793, 3022, 4195 | Gyro: 0, 0, 0 | GPS: 12.34,56.78,25.0,8
Accel: 1093, 305, 1648 | Gyro: 0, 0, 0 | GPS: 12.34,56.78,25.0,8
Accel: -6427, -2655, 2536 | Gyro: 0, 0, 0 | GPS: 12.34,56.78,25.0,8
Accel: -5080, -1729, 10222 | Gyro: 0, 0, 0 | GPS: 12.34,56.78,25.0,8
Accel: 4164, -5947, 1247 | Gyro: 0, 0, 0 | GPS: 12.34,56.78,25.0,8
Accel: 1612, 28, 1513 | Gyro: 0, 0, 0 | GPS: 12.34,56.78,25.0,8
Accel: 6106, 867, 4914 | Gyro: 0, 0, 0 | GPS: 12.34,56.78,25.0,8
Accel: -6306, -1509, 5766 | Gyro: 0, 0, 0 | GPS: 12.34,56.78,25.0,8
Accel: -2160, 5902, 435 | Gyro: 0, 0, 0 | GPS: 12.34,56.78,25.0,8
Accel: 4920, 305, 574 | Gyro: 0, 0, 0 | GPS: 12.34,56.78,25.0,8
Accel: 1307, 7351, 2779 | Gyro: 0, 0, 0 | GPS: 12.34,56.78,25.0,8
Accel: 148, -5079, 2295 | Gyro: 0, 0, 0 | GPS: 12.34,56.78,25.0,8
Accel: -678, -991, 8472 | Gyro: 0, 0, 0 | GPS: 12.34,56.78,25.0,8
Accel: -1941, 4300, 186 | Gyro: 0, 0, 0 | GPS: 12.34,56.78,25.0,8
Accel: -2417, 6542, 3084 | Gyro: 0, 0, 0 | GPS: 12.34,56.78,25.0,8
Accel: 8081, 3336, 6999 | Gyro: 0, 0, 0 | GPS: 12.34,56.78,25.0,8
Accel: 1194, 5442, 9358 | Gyro: 0, 0, 0 | GPS: 12.34,56.78,25.0,8
Accel: -1835, 4498, 7119 | Gyro: 0, 0, 0 | GPS: 12.34,56.78,25.0,8
Accel: -3748, -3299, 2993 | Gyro: 0, 0, 0 | GPS: 12.34,56.78,25.0,8
Accel: -6081, -6659, 4099 | Gyro: 0, 0, 0 | GPS: 12.34,56.78,25.0,8
Accel: 5223, 7097, 6967 | Gyro: 0, 0, 0 | GPS: 12.34,56.78,25.0,8
Accel: -770, -7406, 7515 | Gyro: 0, 0, 0 | GPS: 12.34,56.78,25.0,8
Accel: -4646, 6299, 2619 | Gyro: 0, 0, 0 | GPS: 12.34,56.78,25.0,8
Accel: 6169, 4026, 1386 | Gyro: 0, 0, 0 | GPS: 12.34,56.78,25.0,8
Accel: -5120, 980, 1983 | Gyro: 0, 0, 0 | GPS: 12.34,56.78,25.0,8
Accel: -5395, -466, 2984 | Gyro: 0, 0, 0 | GPS: 12.34,56.78,25.0,8
Accel: 927, 1788, 396 | Gyro: 0, 0, 0 | GPS: 12.34,56.78,25.0,8
Accel: -6425, -7601, 41 | Gyro: 0, 0, 0 | GPS: 12.34,56.78,25.0,8
Accel: -8008, 3711, 6818 | Gyro: 0, 0, 0 | GPS: 12.34,56.78,25.0,8
Accel: -5854, 7493, 5082 | Gyro: 0, 0, 0 | GPS: 12.34,56.78,25.0,8
Accel: 7410, 291, 3265 | Gyro: 0, 0, 0 | GPS: 12.34,56.78,25.0,8
Accel: -5425, -1002, 8916 | Gyro: 0, 0, 0 | GPS: 12.34,56.78,25.0,8
Accel: 3303, -5325, 5978 | Gyro: 0, 0, 0 | GPS: 12.34,56.78,25.0,8
Accel: -2552, 566, 2839 | Gyro: 0, 0, 0 | GPS: 12.34,56.78,25.0,8
Accel: 5114, -514, 8118 | Gyro: 0, 0, 0 | GPS: 12.34,56.78,25.0,8
Accel: -808, -3857, 633 | Gyro: 0, 0, 0 | GPS: 12.34,56.78,25.0,8
Accel: 1976, -1259, 751 | Gyro: 0, 0, 0 | GPS: 12.34,56.78,25.0,8
Accel: 2683, -805, 8479 | Gyro: 0, 0, 0 | GPS: 12.34,56.78,25.0,8
Accel: -2611, 5198, 1602 | Gyro: 0, 0, 0 | GPS: 12.34,56.78,25.0,8
Accel: 2556, 1143, 4281 | Gyro: 0, 0, 0 | GPS: 12.34,56.78,25.0,8
Accel: -2179, 4488, 2667 | Gyro: 0, 0, 0 | GPS: 12.34,56.78,25.0,8
Accel: -550, -2138, 1480 | Gyro: 0, 0, 0 | GPS: 12.34,56.78,25.0,8
Accel: -614, 7273, 8681 | Gyro: 0, 0, 0 | GPS: 12.34,56.78,25.0,8
Accel: 139, 6693, 43 | Gyro: 0, 0, 0 | GPS: 12.34,56.78,25.0,8
Accel: -5667, -6269, 3033 | Gyro: 0, 0, 0 | GPS: 12.34,56.78,25.0,8
Accel: 4244, -3184, 3451 | Gyro: 0, 0, 0 | GPS: 12.34,56.78,25.0,8
Accel: 3867, -5154, 3565 | Gyro: 0, 0, 0 | GPS: 12.34,56.78,25.0,8
Accel: -4450, -7134, 8308 | Gyro: 0, 0, 0 | GPS: 12.34,56.78,25.0,8
Accel: 7861, 3895, 5486 | Gyro: 0, 0, 0 | GPS: 12.34,56.78,25.0,8
Accel: -2398, -5517, 3545 | Gyro: 0, 0, 0 | GPS: 12.34,56.78,25.0,8
Accel: 2347, 5743, 4420 | Gyro: 0, 0, 0 | GPS: 12.34,56.78,25.0,8
Accel: -1099, -6533, 10219 | Gyro: 0, 0, 0 | GPS: 12.34,56.78,25.0,8
Accel: 3436, 3276, 2800 | Gyro: 0, 0, 0 | GPS: 12.34,56.78,25.0,8
Accel: -1920, -135, 24 | Gyro: 0, 0, 0 | GPS: 12.34,56.78,25.0,8
Accel: 1144, -6395, 18 | Gyro: 0, 0, 0 | GPS: 12.34,56.78,25.0,8
Accel: -5815, -1408, 1579 | Gyro: 0, 0, 0 | GPS: 12.34,56.78,25.0,8
Accel: 5513, -471, 539 | Gyro: 0, 0, 0 | GPS: 12.34,56.78,25.0,8
Accel: -2820, -2592, 1443 | Gyro: 0, 0, 0 | GPS: 12.34,56.78,25.0,8
Accel: -6659, -4075, 867 | Gyro: 0, 0, 0 | GPS: 12.34,56.78,25.0,8
Accel: 1959, -6308, 5420 | Gyro: 0, 0, 0 | GPS: 12.34,56.78,25.0,8
Accel: -1445, 3258, 7397 | Gyro: 0, 0, 0 | GPS: 12.34,56.78,25.0,8
Accel: -5376, -2444, 2744 | Gyro: 0, 0, 0 | GPS: 12.34,56.78,25.0,8
Accel: 5638, 3411, 4220 | Gyro: 0, 0, 0 | GPS: 12.34,56.78,25.0,8
Accel: 1278, 5748, 4092 | Gyro: 0, 0, 0 | GPS: 12.34,56.78,25.0,8
Accel: 3416, -999, 1660 | Gyro: 0, 0, 0 | GPS: 12.34,56.78,25.0,8
Accel: 6372, 1358, 517 | Gyro: 0, 0, 0 | GPS: 12.34,56.78,25.0,8
Accel: -3354, 7147, 8583 | Gyro: 0, 0, 0 | GPS: 12.34,56.78,25.0,8
Accel: -2977, -7541, 1200 | Gyro: 0, 0, 0 | GPS: 12.34,56.78,25.0,8
Accel: -7097, -4289, 5804 | Gyro: 0, 0, 0 | GPS: 12.34,56.78,25.0,8
Accel: -7395, 2440, 6119 | Gyro: 0, 0, 0 | GPS: 12.34,56.78,25.0,8
Accel: -1153, 7314, 2907 | Gyro: 0, 0, 0 | GPS: 12.34,56.78,25.0,8
Accel: -5225, -5388, 454 | Gyro: 0, 0, 0 | GPS: 12.34,56.78,25.0,8
Accel: -539, -6841, 3297 | Gyro: 0, 0, 0 | GPS: 12.34,56.78,25.0,8
Accel: 4877, 4752, 8184 | Gyro: 0, 0, 0 | GPS: 12.34,56.78,25.0,8
Accel: 5496, -5462, 9577 | Gyro: 0, 0, 0 | GPS: 12.34,56.78,25.0,8
Accel: 6697, 7869, 3211 | Gyro: 0, 0, 0 | GPS: 12.34,56.78,25.0,8
Accel: -5485, 6293, 4175 | Gyro: 0, 0, 0 | GPS: 12.34,56.78,25.0,8
Accel: 7972, 1237, 9706 | Gyro: 0, 0, 0 | GPS: 12.34,56.78,25.0,8
Accel: -7740, -6279, 4541 | Gyro: 0, 0, 0 | GPS: 12.34,56.78,25.0,8
Accel: 2729, 1104, 1085 | Gyro: 0, 0, 0 | GPS: 12.34,56.78,25.0,8
Accel: 5677, -3149, 5222 | Gyro: 0, 0, 0 | GPS: 12.34,56.78,25.0,8
Accel: 5700, -1799, 4759 | Gyro: 0, 0, 0 | GPS: 12.34,56.78,25.0,8
Accel: -7572, 7392, 1914 | Gyro: 0, 0, 0 | GPS: 12.34,56.78,25.0,8
Accel: -1783, 5570, 1455 | Gyro: 0, 0, 0 | GPS: 12.34,56.78,25.0,8
Accel: -2832, 7948, 7603 | Gyro: 0, 0, 0 | GPS: 12.34,56.78,25.0,8
Accel: -5359, 7645, 5537 | Gyro: 0, 0, 0 | GPS: 12.34,56.78,25.0,8
Accel: 7897, -2384, 644 | Gyro: 0, 0, 0 | GPS: 12.34,56.78,25.0,8
Accel: 1179, 2356, 7517 | Gyro: 0, 0, 0 | GPS: 12.34,56.78,25.0,8
Accel: -3952, -657, 40 | Gyro: 0, 0, 0 | GPS: 12.34,56.78,25.0,8
Accel: -1814, 1144, 2484 | Gyro: 0, 0, 0 | GPS: 12.34,56.78,25.0,8
Accel: -2906, 5981, 769 | Gyro: 0, 0, 0 | GPS: 12.34,56.78,25.0,8
Accel: -2536, -1038, 5571 | Gyro: 0, 0, 0 | GPS: 12.34,56.78,25.0,8
Accel: 1554, 7998, 9439 | Gyro: 0, 0, 0 | GPS: 12.34,56.78,25.0,8
Accel: -6597, -1851, 714 | Gyro: 0, 0, 0 | GPS: 12.34,56.78,25.0,8
Accel: -6409, 6862, 3996 | Gyro: 0, 0, 0 | GPS: 12.34,56.78,25.0,8
Accel: -708, -6919, 1239 | Gyro: 0, 0, 0 | GPS: 12.34,56.78,25.0,8
Accel: 6294, -2886, 2088 | Gyro: 0, 0, 0 | GPS: 12.34,56.78,25.0,8
Accel: -6291, 8008, 2425 | Gyro: 0, 0, 0 | GPS: 12.34,56.78,25.0,8
Accel: -4262, 1126, 5200 | Gyro: 0, 0, 0 | GPS: 12.34,56.78,25.0,8
Accel: -5851, -5926, 7595 | Gyro: 0, 0, 0 | GPS: 12.34,56.78,25.0,8
Accel: 6731, -3920, 1758 | Gyro: 0, 0, 0 | GPS: 12.34,56.78,25.0,8
Accel: -3002, 7971, 463 | Gyro: 0, 0, 0 | GPS: 12.34,56.78,25.0,8
Accel: 7335, 4934, 7723 | Gyro: 0, 0, 0 | GPS: 12.34,56.78,25.0,8
Accel: 120, -2819, 8616 | Gyro: 0, 0, 0 | GPS: 12.34,56.78,25.0,8
Accel: 1524, -1653, 9881 | Gyro: 0, 0, 0 | GPS: 12.34,56.78,25.0,8
Accel: -4890, 6399, 8008 | Gyro: 0, 0, 0 | GPS: 12.34,56.78,25.0,8
Accel: -2162, -59, 381 | Gyro: 0, 0, 0 | GPS: 12.34,56.78,25.0,8
Accel: 53, -622, 6262 | Gyro: 0, 0, 0 | GPS: 12.34,56.78,25.0,8
Accel: 7900, 6727, 8593 | Gyro: 0, 0, 0 | GPS: 12.34,56.78,25.0,8
Accel: 3156, -7387, 6829 | Gyro: 0, 0, 0 | GPS: 12.34,56.78,25.0,8
Accel: 2611, 5929, 5110 | Gyro: 0, 0, 0 | GPS: 12.34,56.78,25.0,8
Accel: 6610, 4446, 6287 | Gyro: 0, 0, 0 | GPS: 12.34,56.78,25.0,8
Accel: 5562, -2383, 4568 | Gyro: 0, 0, 0 | GPS: 12.34,56.78,25.0,8
Accel: 1101, 1365, 8315 | Gyro: 0, 0, 0 | GPS: 12.34,56.78,25.0,8
Accel: -8123, -6874, 5857 | Gyro: 0, 0, 0 | GPS: 12.34,56.78,25.0,8
Accel: 6728, 5814, 3183 | Gyro: 0, 0, 0 | GPS: 12.34,56.78,25.0,8
Accel: 7410, -7907, 6321 | Gyro: 0, 0, 0 | GPS: 12.34,56.78,25.0,8
Accel: -4631, 4855, 2258 | Gyro: 0, 0, 0 | GPS: 12.34,56.78,25.0,8
Accel: -7833, -4253, 626 | Gyro: 0, 0, 0 | GPS: 12.34,56.78,25.0,8
Accel: -6386, -6455, 928 | Gyro: 0, 0, 0 | GPS: 12.34,56.78,25.0,8
Accel: 3493, -78, 4549 | Gyro: 0, 0, 0 | GPS: 12.34,56.78,25.0,8
Accel: 3090, 7368, 7772 | Gyro: 0, 0, 0 | GPS: 12.34,56.78,25.0,8
Accel: 4498, -5042, 2770 | Gyro: 0, 0, 0 | GPS: 12.34,56.78,25.0,8
Accel: -4428, 4961, 9559 | Gyro: 0, 0, 0 | GPS: 12.34,56.78,25.0,8
Accel: 5783, 2855, 7001 | Gyro: 0, 0, 0 | GPS: 12.34,56.78,25.0,8
Accel: 3811, 6863, 2269 | Gyro: 0, 0, 0 | GPS: 12.34,56.78,25.0,8
Accel: 2181, -3553, 1943 | Gyro: 0, 0, 0 | GPS: 12.34,56.78,25.0,8
Accel: -5185, 7107, 4276 | Gyro: 0, 0, 0 | GPS: 12.34,56.78,25.0,8
Accel: 7359, -1524, 9348 | Gyro: 0, 0, 0 | GPS: 12.34,56.78,25.0,8
Accel: 6185, -664, 912 | Gyro: 0, 0, 0 | GPS: 12.34,56.78,25.0,8
Accel: 826, 619, 3782 | Gyro: 0, 0, 0 | GPS: 12.34,56.78,25.0,8
Accel: 1007, 442, 5368 | Gyro: 0, 0, 0 | GPS: 12.34,56.78,25.0,8
Accel: 8042, 2291, 8936 | Gyro: 0, 0, 0 | GPS: 12.34,56.78,25.0,8
Accel: -5750, 1153, 1106 | Gyro: 0, 0, 0 | GPS: 12.34,56.78,25.0,8
Accel: 5255, -459, 5300 | Gyro: 0, 0, 0 | GPS: 12.34,56.78,25.0,8
Accel: 6484, 2642, 9431 | Gyro: 0, 0, 0 | GPS: 12.34,56.78,25.0,8
Accel: -7215, 1841, 4248 | Gyro: 0, 0, 0 | GPS: 12.34,56.78,25.0,8
Accel: -1008, -4199, 81 | Gyro: 0, 0, 0 | GPS: 12.34,56.78,25.0,8
Accel: -5597, 7473, 8411 | Gyro: 0, 0, 0 | GPS: 12.34,56.78,25.0,8
Accel: -4137, -6728, 9960 | Gyro: 0, 0, 0 | GPS: 12.34,56.78,25.0,8
Accel: -5690, 3571, 7294 | Gyro: 0, 0, 0 | GPS: 12.34,56.78,25.0,8
Accel: 8, 783, 2010 | Gyro: 0, 0, 0 | GPS: 12.34,56.78,25.0,8
Accel: -1809, 4446, 3641 | Gyro: 0, 0, 0 | GPS: 12.34,56.78,25.0,8
Accel: -297, 1916, 6734 | Gyro: 0, 0, 0 | GPS: 12.34,56.78,25.0,8
Accel: 4856, 7422, 1278 | Gyro: 0, 0, 0 | GPS: 12.34,56.78,25.0,8
Accel: 6913, 5864, 5730 | Gyro: 0, 0, 0 | GPS: 12.34,56.78,25.0,8
Accel: 6892, -590, 9273 | Gyro: 0, 0, 0 | GPS: 12.34,56.78,25.0,8
Accel: 1678, 7884, 2402 | Gyro: 0, 0, 0 | GPS: 12.34,56.78,25.0,8
Accel: -315, 8131, 4863 | Gyro: 0, 0, 0 | GPS: 12.34,56.78,25.0,8
Accel: -876, 7062, 2602 | Gyro: 0, 0, 0 | GPS: 12.34,56.78,25.0,8
Accel: 3498, -7630, 4345 | Gyro: 0, 0, 0 | GPS: 12.34,56.78,25.0,8
Accel: -7568, -5617, 708 | Gyro: 0, 0, 0 | GPS: 12.34,56.78,25.0,8
Accel: 2654, -7301, 9265 | Gyro: 0, 0, 0 | GPS: 12.34,56.78,25.0,8
Accel: 4421, 535, 3027 | Gyro: 0, 0, 0 | GPS: 12.34,56.78,25.0,8
Accel: -5677, 1930, 6503 | Gyro: 0, 0, 0 | GPS: 12.34,56.78,25.0,8
Accel: 2752, -5843, 1314 | Gyro: 0, 0, 0 | GPS: 12.34,56.78,25.0,8
Accel: 7968, 196, 7461 | Gyro: 0, 0, 0 | GPS: 12.34,56.78,25.0,8
Accel: -5962, 5362, 2337 | Gyro: 0, 0, 0 | GPS: 12.34,56.78,25.0,8
Accel: 7502, 102, 1506 | Gyro: 0, 0, 0 | GPS: 12.34,56.78,25.0,8
Accel: -7105, 7281, 4110 | Gyro: 0, 0, 0 | GPS: 12.34,56.78,25.0,8
Accel: -5210, 3270, 972 | Gyro: 0, 0, 0 | GPS: 12.34,56.78,25.0,8
Accel: -3142, 2633, 8117 | Gyro: 0, 0, 0 | GPS: 12.34,56.78,25.0,8
Accel: 5766, 6484, 6083 | Gyro: 0, 0, 0 | GPS: 12.34,56.78,25.0,8
Accel: 7105, -78, 9232 | Gyro: 0, 0, 0 | GPS: 12.34,56.78,25.0,8
Accel: -3732, 7801, 2029 | Gyro: 0, 0, 0 | GPS: 12.34,56.78,25.0,8
Accel: -5855, 8062, 627 | Gyro: 0, 0, 0 | GPS: 12.34,56.78,25.0,8
Accel: 1816, 5300, 89 | Gyro: 0, 0, 0 | GPS: 12.34,56.78,25.0,8
Accel: -3863, -4715, 1772 | Gyro: 0, 0, 0 | GPS: 12.34,56.78,25.0,8
Accel: -5551, -406, 7765 | Gyro: 0, 0, 0 | GPS: 12.34,56.78,25.0,8
Accel: 6786, -3815, 2858 | Gyro: 0, 0, 0 | GPS: 12.34,56.78,25.0,8
Accel: -1921, 3851, 9554 | Gyro: 0, 0, 0 | GPS: 12.34,56.78,25.0,8
Accel: -667, -7497, 10137 | Gyro: 0, 0, 0 | GPS: 12.34,56.78,25.0,8
Accel: 7103, 4180, 10043 | Gyro: 0, 0, 0 | GPS: 12.34,56.78,25.0,8
Accel: 3092, 3765, 741 | Gyro: 0, 0, 0 | GPS: 12.34,56.78,25.0,8
Accel: 1416, -6399, 5352 | Gyro: 0, 0, 0 | GPS: 12.34,56.78,25.0,8
Accel: 6095, -4234, 8133 | Gyro: 0, 0, 0 | GPS: 12.34,56.78,25.0,8
Accel: -1989, -7602, 3719 | Gyro: 0, 0, 0 | GPS: 12.34,56.78,25.0,8
Accel: -2312, -7150, 253 | Gyro: 0, 0, 0 | GPS: 12.34,56.78,25.0,8
Accel: 4181, 1453, 2264 | Gyro: 0, 0, 0 | GPS: 12.34,56.78,25.0,8
Accel: -1733, 3445, 5567 | Gyro: 0, 0, 0 | GPS: 12.34,56.78,25.0,8
Accel: 1111, -7998, 8515 | Gyro: 0, 0, 0 | GPS: 12.34,56.78,25.0,8
Accel: 4136, -1071, 4660 | Gyro: 0, 0, 0 | GPS: 12.34,56.78,25.0,8
Accel: -4677, -5829, 2766 | Gyro: 0, 0, 0 | GPS: 12.34,56.78,25.0,8
Accel: 663, 4641, 7267 | Gyro: 0, 0, 0 | GPS: 12.34,56.78,25.0,8
Accel: -7041, 954, 7543 | Gyro: 0, 0, 0 | GPS: 12.34,56.78,25.0,8
Accel: -499, -7213, 5070 | Gyro: 0, 0, 0 | GPS: 12.34,56.78,25.0,8
Accel: -6685, -2291, 3893 | Gyro: 0, 0, 0 | GPS: 12.34,56.78,25.0,8
Accel: -8007, 4365, 8390 | Gyro: 0, 0, 0 | GPS: 12.34,56.78,25.0,8
Accel: 1145, 916, 4212 | Gyro: 0, 0, 0 | GPS: 12.34,56.78,25.0,8
Accel: 8191, -3997, 773 | Gyro: 0, 0, 0 | GPS: 12.34,56.78,25.0,8
Accel: -4728, -8151, 10159 | Gyro: 0, 0, 0 | GPS: 12.34,56.78,25.0,8
Accel: -7194, -7581, 8362 | Gyro: 0, 0, 0 | GPS: 12.34,56.78,25.0,8
Accel: 4615, 3723, 413 | Gyro: 0, 0, 0 | GPS: 12.34,56.78,25.0,8
Accel: 7450, -5401, 5412 | Gyro: 0, 0, 0 | GPS: 12.34,56.78,25.0,8
Accel: -5934, -7603, 6679 | Gyro: 0, 0, 0 | GPS: 12.34,56.78,25.0,8
Accel: 2399, 5672, 1279 | Gyro: 0, 0, 0 | GPS: 12.34,56.78,25.0,8
Accel: -6648, -2070, 7125 | Gyro: 0, 0, 0 | GPS: 12.34,56.78,25.0,8
Accel: 6313, -3792, 4903 | Gyro: 0, 0, 0 | GPS: 12.34,56.78,25.0,8
Accel: 2871, -4891, 10225 | Gyro: 0, 0, 0 | GPS: 12.34,56.78,25.0,8
Accel: -6194, 7489, 7396 | Gyro: 0, 0, 0 | GPS: 12.34,56.78,25.0,8
Accel: -4179, -511, 8555 | Gyro: 0, 0, 0 | GPS: 12.34,56.78,25.0,8
Accel: 5194, 2643, 4750 | Gyro: 0, 0, 0 | GPS: 12.34,56.78,25.0,8
Accel: -3004, -6707, 6587 | Gyro: 0, 0, 0 | GPS: 12.34,56.78,25.0,8
Accel: 7811, 6027, 10141 | Gyro: 0, 0, 0 | GPS: 12.34,56.78,25.0,8
Accel: -291, 5902, 4052 | Gyro: 0, 0, 0 | GPS: 12.34,56.78,25.0,8
Accel: 2572, -1792, 6686 | Gyro: 0, 0, 0 | GPS: 12.34,56.78,25.0,8
Accel: -3097, -1206, 7445 | Gyro: 0, 0, 0 | GPS: 12.34,56.78,25.0,8
Accel: -2953, 4925, 683 | Gyro: 0, 0, 0 | GPS: 12.34,56.78,25.0,8
Accel: -5519, -660, 9323 | Gyro: 0, 0, 0 | GPS: 12.34,56.78,25.0,8
Accel: 4076, -6839, 6614 | Gyro: 0, 0, 0 | GPS: 12.34,56.78,25.0,8
Accel: 4085, 303, 3042 | Gyro: 0, 0, 0 | GPS: 12.34,56.78,25.0,8
Accel: -3741, 7767, 2154 | Gyro: 0, 0, 0 | GPS: 12.34,56.78,25.0,8
Accel: -393, -2330, 4170 | Gyro: 0, 0, 0 | GPS: 12.34,56.78,25.0,8
Accel: -7723, 4116, 3020 | Gyro: 0, 0, 0 | GPS: 12.34,56.78,25.0,8
Accel: 40, 8083, 1360 | Gyro: 0, 0, 0 | GPS: 12.34,56.78,25.0,8
Accel: -1870, 2503, 2159 | Gyro: 0, 0, 0 | GPS: 12.34,56.78,25.0,8
Accel: -3055, 4446, 9725 | Gyro: 0, 0, 0 | GPS: 12.34,56.78,25.0,8
Accel: 5360, 3652, 4004 | Gyro: 0, 0, 0 | GPS: 12.34,56.78,25.0,8
Accel: -3589, 2501, 8234 | Gyro: 0, 0, 0 | GPS: 12.34,56.78,25.0,8
Accel: -7011, 7316, 614 | Gyro: 0, 0, 0 | GPS: 12.34,56.78,25.0,8
Accel: -5187, 3628, 8500 | Gyro: 0, 0, 0 | GPS: 12.34,56.78,25.0,8
Accel: -151, -4922, 737 | Gyro: 0, 0, 0 | GPS: 12.34,56.78,25.0,8
Accel: -2087, 215, 4201 | Gyro: 0, 0, 0 | GPS: 12.34,56.78,25.0,8
Accel: 1603, 234, 3197 | Gyro: 0, 0, 0 | GPS: 12.34,56.78,25.0,8
Accel: -3365, -8113, 6367 | Gyro: 0, 0, 0 | GPS: 12.34,56.78,25.0,8
Accel: -1227, -7398, 4213 | Gyro: 0, 0, 0 | GPS: 12.34,56.78,25.0,8
Accel: 5856, 3308, 1523 | Gyro: 0, 0, 0 | GPS: 12.34,56.78,25.0,8
Accel: 4459, 6256, 9667 | Gyro: 0, 0, 0 | GPS: 12.34,56.78,25.0,8
Accel: 2773, 6188, 3767 | Gyro: 0, 0, 0 | GPS: 12.34,56.78,25.0,8
Accel: 1360, 4394, 3135 | Gyro: 0, 0, 0 | GPS: 12.34,56.78,25.0,8
Accel: 3474, 1429, 4681 | Gyro: 0, 0, 0 | GPS: 12.34,56.78,25.0,8
Accel: 264, -5161, 1219 | Gyro: 0, 0, 0 | GPS: 12.34,56.78,25.0,8
Accel: 7104, -894, 6768 | Gyro: 0, 0, 0 | GPS: 12.34,56.78,25.0,8
Accel: 6675, -6613, 471 | Gyro: 0, 0, 0 | GPS: 12.34,56.78,25.0,8
Accel: -7770, -3895, 6357 | Gyro: 0, 0, 0 | GPS: 12.34,56.78,25.0,8
Accel: -7267, -7957, 8134 | Gyro: 0, 0, 0 | GPS: 12.34,56.78,25.0,8
Accel: -1218, 6432, 2060 | Gyro: 0, 0, 0 | GPS: 12.34,56.78,25.0,8
Accel: -6187, 7983, 7814 | Gyro: 0, 0, 0 | GPS: 12.34,56.78,25.0,8
Accel: -6923, -131, 8294 | Gyro: 0, 0, 0 | GPS: 12.34,56.78,25.0,8
Accel: 4144, 1239, 7671 | Gyro: 0, 0, 0 | GPS: 12.34,56.78,25.0,8
Accel: 558, -6976, 6702 | Gyro: 0, 0, 0 | GPS: 12.34,56.78,25.0,8
Accel: 7101, -5428, 8912 | Gyro: 0, 0, 0 | GPS: 12.34,56.78,25.0,8
Accel: -1425, 5803, 4251 | Gyro: 0, 0, 0 | GPS: 12.34,56.78,25.0,8
Accel: -514, -1197, 7616 | Gyro: 0, 0, 0 | GPS: 12.34,56.78,25.0,8
Accel: -5070, 5386, 3841 | Gyro: 0, 0, 0 | GPS: 12.34,56.78,25.0,8
Accel: -6470, 697, 258 | Gyro: 0, 0, 0 | GPS: 12.34,56.78,25.0,8
Accel: 5158, 8011, 3346 | Gyro: 0, 0, 0 | GPS: 12.34,56.78,25.0,8
Accel: -3662, -4534, 8049 | Gyro: 0, 0, 0 | GPS: 12.34,56.78,25.0,8
Accel: -3016, -1788, 3295 | Gyro: 0, 0, 0 | GPS: 12.34,56.78,25.0,8
Accel: 6852, 922, 1302 | Gyro: 0, 0, 0 | GPS: 12.34,56.78,25.0,8
Accel: -757, -998, 3895 | Gyro: 0, 0, 0 | GPS: 12.34,56.78,25.0,8
Accel: -5066, 6577, 7585 | Gyro: 0, 0, 0 | GPS: 12.34,56.78,25.0,8
Accel: 796, -910, 8462 | Gyro: 0, 0, 0 | GPS: 12.34,56.78,25.0,8
Accel: 5280, -7136, 951 | Gyro: 0, 0, 0 | GPS: 12.34,56.78,25.0,8
Accel: 5030, -2582, 6312 | Gyro: 0, 0, 0 | GPS: 12.34,56.78,25.0,8
Accel: 3041, -189, 4228 | Gyro: 0, 0, 0 | GPS: 12.34,56.78,25.0,8
Accel: -4438, 5695, 5246 | Gyro: 0, 0, 0 | GPS: 12.34,56.78,25.0,8
Accel: -1184, 4536, 842 | Gyro: 0, 0, 0 | GPS: 12.34,56.78,25.0,8
Accel: 2564, -3317, 4882 | Gyro: 0, 0, 0 | GPS: 12.34,56.78,25.0,8
Accel: -2279, 2016, 4766 | Gyro: 0, 0, 0 | GPS: 12.34,56.78,25.0,8
Accel: -1749, 4512, 441 | Gyro: 0, 0, 0 | GPS: 12.34,56.78,25.0,8
Accel: -5916, -4880, 4605 | Gyro: 0, 0, 0 | GPS: 12.34,56.78,25.0,8
Accel: -7168, -5460, 1230 | Gyro: 0, 0, 0 | GPS: 12.34,56.78,25.0,8
Accel: 685, -3586, 3505 | Gyro: 0, 0, 0 | GPS: 12.34,56.78,25.0,8
Accel: 2286, -6146, 9815 | Gyro: 0, 0, 0 | GPS: 12.34,56.78,25.0,8
Accel: -2743, 3578, 3517 | Gyro: 0, 0, 0 | GPS: 12.34,56.78,25.0,8
Accel: -637, -670, 7986 | Gyro: 0, 0, 0 | GPS: 12.34,56.78,25.0,8
Accel: 1659, -6934, 1403 | Gyro: 0, 0, 0 | GPS: 12.34,56.78,25.0,8
Accel: -1193, 3196, 4719 | Gyro: 0, 0, 0 | GPS: 12.34,56.78,25.0,8
Accel: 3805, -8033, 1889 | Gyro: 0, 0, 0 | GPS: 12.34,56.78,25.0,8
Accel: -7245, 4298, 4860 | Gyro: 0, 0, 0 | GPS: 12.34,56.78,25.0,8
Accel: -4431, 1674, 3591 | Gyro: 0, 0, 0 | GPS: 12.34,56.78,25.0,8
Accel: 806, 3319, 3878 | Gyro: 0, 0, 0 | GPS: 12.34,56.78,25.0,8
Accel: -4673, 6545, 641 | Gyro: 0, 0, 0 | GPS: 12.34,56.78,25.0,8
Accel: -3466, -4928, 9943 | Gyro: 0, 0, 0 | GPS: 12.34,56.78,25.0,8
Accel: -7118, -762, 4378 | Gyro: 0, 0, 0 | GPS: 12.34,56.78,25.0,8
Accel: 6210, -2288, 5699 | Gyro: 0, 0, 0 | GPS: 12.34,56.78,25.0,8
Accel: -1184, -7942, 3249 | Gyro: 0, 0, 0 | GPS: 12.34,56.78,25.0,8
Accel: 7125, -5385, 86 | Gyro: 0, 0, 0 | GPS: 12.34,56.78,25.0,8
Accel: -1620, -7374, 8831 | Gyro: 0, 0, 0 | GPS: 12.34,56.78,25.0,8
Accel: -6079, -5832, 156 | Gyro: 0, 0, 0 | GPS: 12.34,56.78,25.0,8
Accel: -4349, -2030, 6521 | Gyro: 0, 0, 0 | GPS: 12.34,56.78,25.0,8
Accel: 3547, 7531, 9780 | Gyro: 0, 0, 0 | GPS: 12.34,56.78,25.0,8
Accel: -3079, -3728, 483 | Gyro: 0, 0, 0 | GPS: 12.34,56.78,25.0,8
Accel: -7231, -348, 9098 | Gyro: 0, 0, 0 | GPS: 12.34,56.78,25.0,8
Accel: -6958, -6877, 8694 | Gyro: 0, 0, 0 | GPS: 12.34,56.78,25.0,8
Accel: -62, -6978, 9927 | Gyro: 0, 0, 0 | GPS: 12.34,56.78,25.0,8
Accel: -320, -2003, 1733 | Gyro: 0, 0, 0 | GPS: 12.34,56.78,25.0,8
Accel: 7924, -3245, 7883 | Gyro: 0, 0, 0 | GPS: 12.34,56.78,25.0,8
Accel: -4465, -2296, 6382 | Gyro: 0, 0, 0 | GPS: 12.34,56.78,25.0,8
Accel: -4782, 7155, 1319 | Gyro: 0, 0, 0 | GPS: 12.34,56.78,25.0,8
Accel: 4960, -1505, 9671 | Gyro: 0, 0, 0 | GPS: 12.34,56.78,25.0,8
Accel: 3764, 7755, 4880 | Gyro: 0, 0, 0 | GPS: 12.34,56.78,25.0,8
Accel: 4872, 286, 1790 | Gyro: 0, 0, 0 | GPS: 12.34,56.78,25.0,8
Accel: 2889, -4346, 7359 | Gyro: 0, 0, 0 | GPS: 12.34,56.78,25.0,8
Accel: 7759, -4565, 685 | Gyro: 0, 0, 0 | GPS: 12.34,56.78,25.0,8
Accel: -2688, 2709, 5856 | Gyro: 0, 0, 0 | GPS: 12.34,56.78,25.0,8
Accel: 6083, -1095, 7666 | Gyro: 0, 0, 0 | GPS: 12.34,56.78,25.0,8
Accel: 7064, -7729, 832 | Gyro: 0, 0, 0 | GPS: 12.34,56.78,25.0,8
Accel: -6524, -2096, 10170 | Gyro: 0, 0, 0 | GPS: 12.34,56.78,25.0,8
Accel: 2637, -6395, 3275 | Gyro: 0, 0, 0 | GPS: 12.34,56.78,25.0,8
Accel: 1144, 3137, 3002 | Gyro: 0, 0, 0 | GPS: 12.34,56.78,25.0,8
Accel: -1337, 4797, 7395 | Gyro: 0, 0, 0 | GPS: 12.34,56.78,25.0,8
Accel: 7616, -7020, 8857 | Gyro: 0, 0, 0 | GPS: 12.34,56.78,25.0,8
Accel: 6745, -3207, 1733 | Gyro: 0, 0, 0 | GPS: 12.34,56.78,25.0,8
Accel: -6010, 1677, 1061 | Gyro: 0, 0, 0 | GPS: 12.34,56.78,25.0,8
Accel: -1525, 6039, 481 | Gyro: 0, 0, 0 | GPS: 12.34,56.78,25.0,8
Accel: -1405, 382, 7544 | Gyro: 0, 0, 0 | GPS: 12.34,56.78,25.0,8
Accel: 4773, -6106, 8056 | Gyro: 0, 0, 0 | GPS: 12.34,56.78,25.0,8
Accel: 1613, 5987, 6612 | Gyro: 0, 0, 0 | GPS: 12.34,56.78,25.0,8
Accel: 5637, 5714, 4771 | Gyro: 0, 0, 0 | GPS: 12.34,56.78,25.0,8
Accel: -3789, 5233, 4844 | Gyro: 0, 0, 0 | GPS: 12.34,56.78,25.0,8
Accel: 4800, 4556, 5179 | Gyro: 0, 0, 0 | GPS: 12.34,56.78,25.0,8
Accel: 3835, 5985, 2501 | Gyro: 0, 0, 0 | GPS: 12.34,56.78,25.0,8
Accel: -6252, -1958, 1789 | Gyro: 0, 0, 0 | GPS: 12.34,56.78,25.0,8
Accel: 3663, 2423, 7381 | Gyro: 0, 0, 0 | GPS: 12.34,56.78,25.0,8
Accel: 5201, 6668, 1085 | Gyro: 0, 0, 0 | GPS: 12.34,56.78,25.0,8
Accel: 2053, 4941, 3775 | Gyro: 0, 0, 0 | GPS: 12.34,56.78,25.0,8
Accel: 6913, 3329, 6248 | Gyro: 0, 0, 0 | GPS: 12.34,56.78,25.0,8
Accel: 4977, -4091, 9221 | Gyro: 0, 0, 0 | GPS: 12.34,56.78,25.0,8
Accel: 1122, 6159, 4890 | Gyro: 0, 0, 0 | GPS: 12.34,56.78,25.0,8
Accel: -4319, -8152, 1676 | Gyro: 0, 0, 0 | GPS: 12.34,56.78,25.0,8
Accel: -5407, 7852, 3037 | Gyro: 0, 0, 0 | GPS: 12.34,56.78,25.0,8
Accel: -4556, 3097, 7910 | Gyro: 0, 0, 0 | GPS: 12.34,56.78,25.0,8
Accel: -2201, 3137, 2556 | Gyro: 0, 0, 0 | GPS: 12.34,56.78,25.0,8
Accel: 1963, -2607, 5738 | Gyro: 0, 0, 0 | GPS: 12.34,56.78,25.0,8
Accel: -5738, 2711, 4856 | Gyro: 0, 0, 0 | GPS: 12.34,56.78,25.0,8
Accel: -3432, -961, 173 | Gyro: 0, 0, 0 | GPS: 12.34,56.78,25.0,8
Accel: -5228, 840, 643 | Gyro: 0, 0, 0 | GPS: 12.34,56.78,25.0,8
Accel: 1861, 6209, 1565 | Gyro: 0, 0, 0 | GPS: 12.34,56.78,25.0,8
Accel: 3977, 1031, 4566 | Gyro: 0, 0, 0 | GPS: 12.34,56.78,25.0,8
Accel: 2987, 5715, 7084 | Gyro: 0, 0, 0 | GPS: 12.34,56.78,25.0,8
Accel: -6332, 6825, 1066 | Gyro: 0, 0, 0 | GPS: 12.34,56.78,25.0,8
Accel: -3066, -829, 4801 | Gyro: 0, 0, 0 | GPS: 12.34,56.78,25.0,8
Accel: 5808, -6070, 6066 | Gyro: 0, 0, 0 | GPS: 12.34,56.78,25.0,8
Accel: 1726, 7316, 9585 | Gyro: 0, 0, 0 | GPS: 12.34,56.78,25.0,8
Accel: -4142, 4668, 6836 | Gyro: 0, 0, 0 | GPS: 12.34,56.78,25.0,8
Accel: 3562, -4767, 8764 | Gyro: 0, 0, 0 | GPS: 12.34,56.78,25.0,8
Accel: 4415, 3372, 9841 | Gyro: 0, 0, 0 | GPS: 12.34,56.78,25.0,8
Accel: 5114, 1781, 7697 | Gyro: 0, 0, 0 | GPS: 12.34,56.78,25.0,8
Accel: 4905, 6531, 3418 | Gyro: 0, 0, 0 | GPS: 12.34,56.78,25.0,8
Accel: 7806, 850, 2282 | Gyro: 0, 0, 0 | GPS: 12.34,56.78,25.0,8
Accel: -2159, -959, 7080 | Gyro: 0, 0, 0 | GPS: 12.34,56.78,25.0,8
Accel: 7897, -4136, 3416 | Gyro: 0, 0, 0 | GPS: 12.34,56.78,25.0,8
Accel: 3699, -8052, 4436 | Gyro: 0, 0, 0 | GPS: 12.34,56.78,25.0,8
Accel: -2347, -7116, 2157 | Gyro: 0, 0, 0 | GPS: 12.34,56.78,25.0,8
Accel: 7663, 5035, 7101 | Gyro: 0, 0, 0 | GPS: 12.34,56.78,25.0,8
Accel: 2707, 727, 8700 | Gyro: 0, 0, 0 | GPS: 12.34,56.78,25.0,8
Accel: -693, -3232, 8378 | Gyro: 0, 0, 0 | GPS: 12.34,56.78,25.0,8
Accel: -3772, 1571, 4764 | Gyro: 0, 0, 0 | GPS: 12.34,56.78,25.0,8
Accel: -2026, -51, 8230 | Gyro: 0, 0, 0 | GPS: 12.34,56.78,25.0,8
Accel: 6058, -3150, 434 | Gyro: 0, 0, 0 | GPS: 12.34,56.78,25.0,8
Accel: -5858, -8055, 9788 | Gyro: 0, 0, 0 | GPS: 12.34,56.78,25.0,8
Accel: -6570, 3699, 38 | Gyro: 0, 0, 0 | GPS: 12.34,56.78,25.0,8
Accel: 5207, -1278, 9195 | Gyro: 0, 0, 0 | GPS: 12.34,56.78,25.0,8
Accel: 5354, 8068, 7977 | Gyro: 0, 0, 0 | GPS: 12.34,56.78,25.0,8
Accel: -256, -2167, 10044 | Gyro: 0, 0, 0 | GPS: 12.34,56.78,25.0,8
Accel: 5635, -2860, 893 | Gyro: 0, 0, 0 | GPS: 12.34,56.78,25.0,8
Accel: 0, 0, 2048 | Gyro: 0, 0, 0 | GPS: 12.34,56.78,25.0,8
Accel: 0, 0, 2048 | Gyro: 0, 0, 0 | GPS: 12.34,56.78,25.0,8
Accel: 0, 0, 2048 | Gyro: 0, 0, 0 | GPS: 12.34,56.78,25.0,8
Accel: 0, 0, 2048 | Gyro: 0, 0, 0 | GPS: 12.34,56.78,25.0,8
Accel: 0, 0, 2048 | Gyro: 0, 0, 0 | GPS: 12.34,56.78,25.0,8
Accel: 0, 0, 2048 | Gyro: 0, 0, 0 | GPS: 12.34,56.78,25.0,8
Accel: 0, 0, 2048 | Gyro: 0, 0, 0 | GPS: 12.34,56.78,25.0,8
Accel: 0, 0, 2048 | Gyro: 0, 0, 0 | GPS: 12.34,56.78,25.0,8
Accel: 0, 0, 2048 | Gyro: 0, 0, 0 | GPS: 12.34,56.78,25.0,8
Accel: 0, 0, 2048 | Gyro: 0, 0, 0 | GPS: 12.34,56.78,25.0,8
Accel: 0, 0, 2048 | Gyro: 0, 0, 0 | GPS: 12.34,56.78,25.0,8
Accel: 0, 0, 2048 | Gyro: 0, 0, 0 | GPS: 12.34,56.78,25.0,8
Accel: 0, 0, 2048 | Gyro: 0, 0, 0 | GPS: 12.34,56.78,25.0,8
Accel: 0, 0, 2048 | Gyro: 0, 0, 0 | GPS: 12.34,56.78,25.0,8
Accel: 0, 0, 2048 | Gyro: 0, 0, 0 | GPS: 12.34,56.78,25.0,8
Accel: 0, 0, 2048 | Gyro: 0, 0, 0 | GPS: 12.34,56.78,25.0,8
Accel: 0, 0, 2048 | Gyro: 0, 0, 0 | GPS: 12.34,56.78,25.0,8
Accel: 0, 0, 2048 | Gyro: 0, 0, 0 | GPS: 12.34,56.78,25.0,8
Accel: 0, 0, 2048 | Gyro: 0, 0, 0 | GPS: 12.34,56.78,25.0,8
Accel: 0, 0, 2048 | Gyro: 0, 0, 0 | GPS: 12.34,56.78,25.0,8
Accel: 0, 0, 2048 | Gyro: 0, 0, 0 | GPS: 12.34,56.78,25.0,8
Accel: 0, 0, 2048 | Gyro: 0, 0, 0 | GPS: 12.34,56.78,25.0,8
Accel: 0, 0, 2048 | Gyro: 0, 0, 0 | GPS: 12.34,56.78,25.0,8
Accel: 0, 0, 2048 | Gyro: 0, 0, 0 | GPS: 12.34,56.78,25.0,8
Accel: 0, 0, 2048 | Gyro: 0, 0, 0 | GPS: 12.34,56.78,25.0,8
Accel: 0, 0, 2048 | Gyro: 0, 0, 0 | GPS: 12.34,56.78,25.0,8
Accel: 0, 0, 2048 | Gyro: 0, 0, 0 | GPS: 12.34,56.78,25.0,8
Accel: 0, 0, 2048 | Gyro: 0, 0, 0 | GPS: 12.34,56.78,25.0,8
Accel: 0, 0, 2048 | Gyro: 0, 0, 0 | GPS: 12.34,56.78,25.0,8
Accel: 0, 0, 2048 | Gyro: 0, 0, 0 | GPS: 12.34,56.78,25.0,8
Accel: 0, 0, 2048 | Gyro: 0, 0, 0 | GPS: 12.34,56.78,25.0,8
Accel: 0, 0, 2048 | Gyro: 0, 0, 0 | GPS: 12.34,56.78,25.0,8
Accel: 0, 0, 2048 | Gyro: 0, 0, 0 | GPS: 12.34,56.78,25.0,8
Accel: 0, 0, 2048 | Gyro: 0, 0, 0 | GPS: 12.34,56.78,25.0,8
Accel: 0, 0, 2048 | Gyro: 0, 0, 0 | GPS: 12.34,56.78,25.0,8
Accel: 0, 0, 2048 | Gyro: 0, 0, 0 | GPS: 12.34,56.78,25.0,8
Accel: 0, 0, 2048 | Gyro: 0, 0, 0 | GPS: 12.34,56.78,25.0,8
Accel: 0, 0, 2048 | Gyro: 0, 0, 0 | GPS: 12.34,56.78,25.0,8
Accel: 0, 0, 2048 | Gyro: 0, 0, 0 | GPS: 12.34,56.78,25.0,8
Accel: 0, 0, 2048 | Gyro: 0, 0, 0 | GPS: 12.34,56.78,25.0,8
Accel: 0, 0, 2048 | Gyro: 0, 0, 0 | GPS: 12.34,56.78,25.0,8
Accel: 0, 0, 2048 | Gyro: 0, 0, 0 | GPS: 12.34,56.78,25.0,8
Accel: 0, 0, 2048 | Gyro: 0, 0, 0 | GPS: 12.34,56.78,25.0,8
Accel: 0, 0, 2048 | Gyro: 0, 0, 0 | GPS: 12.34,56.78,25.0,8
Accel: 0, 0, 2048 | Gyro: 0, 0, 0 | GPS: 12.34,56.78,25.0,8
Accel: 0, 0, 2048 | Gyro: 0, 0, 0 | GPS: 12.34,56.78,25.0,8
Accel: 0, 0, 2048 | Gyro: 0, 0, 0 | GPS: 12.34,56.78,25.0,8
Accel: 0, 0, 2048 | Gyro: 0, 0, 0 | GPS: 12.34,56.78,25.0,8
Accel: 0, 0, 2048 | Gyro: 0, 0, 0 | GPS: 12.34,56.78,25.0,8
Accel: 0, 0, 2048 | Gyro: 0, 0, 0 | GPS: 12.34,56.78,25.0,8
Accel: 0, 0, 2048 | Gyro: 0, 0, 0 | GPS: 12.34,56.78,25.0,8
Accel: 0, 0, 2048 | Gyro: 0, 0, 0 | GPS: 12.34,56.78,25.0,8
Accel: 0, 0, 2048 | Gyro: 0, 0, 0 | GPS: 12.34,56.78,25.0,8
Accel: 0, 0, 2048 | Gyro: 0, 0, 0 | GPS: 12.34,56.78,25.0,8
Accel: 0, 0, 2048 | Gyro: 0, 0, 0 | GPS: 12.34,56.78,25.0,8
Accel: 0, 0, 2048 | Gyro: 0, 0, 0 | GPS: 12.34,56.78,25.0,8
Accel: 0, 0, 2048 | Gyro: 0, 0, 0 | GPS: 12.34,56.78,25.0,8
Accel: 0, 0, 2048 | Gyro: 0, 0, 0 | GPS: 12.34,56.78,25.0,8
Accel: 0, 0, 2048 | Gyro: 0, 0, 0 | GPS: 12.34,56.78,25.0,8
Accel: 0, 0, 2048 | Gyro: 0, 0, 0 | GPS: 12.34,56.78,25.0,8
Accel: 0, 0, 2048 | Gyro: 0, 0, 0 | GPS: 12.34,56.78,25.0,8
Accel: 0, 0, 2048 | Gyro: 0, 0, 0 | GPS: 12.34,56.78,25.0,8
Accel: 0, 0, 2048 | Gyro: 0, 0, 0 | GPS: 12.34,56.78,25.0,8
Accel: 0, 0, 2048 | Gyro: 0, 0, 0 | GPS: 12.34,56.78,25.0,8
Accel: 0, 0, 2048 | Gyro: 0, 0, 0 | GPS: 12.34,56.78,25.0,8
Accel: 0, 0, 2048 | Gyro: 0, 0, 0 | GPS: 12.34,56.78,25.0,8
Accel: 0, 0, 2048 | Gyro: 0, 0, 0 | GPS: 12.34,56.78,25.0,8
Accel: 0, 0, 2048 | Gyro: 0, 0, 0 | GPS: 12.34,56.78,25.0,8
Accel: 0, 0, 2048 | Gyro: 0, 0, 0 | GPS: 12.34,56.78,25.0,8
Accel: 0, 0, 2048 | Gyro: 0, 0, 0 | GPS: 12.34,56.78,25.0,8
Accel: 0, 0, 2048 | Gyro: 0, 0, 0 | GPS: 12.34,56.78,25.0,8
Accel: 0, 0, 2048 | Gyro: 0, 0, 0 | GPS: 12.34,56.78,25.0,8
Accel: 0, 0, 2048 | Gyro: 0, 0, 0 | GPS: 12.34,56.78,25.0,8
Accel: 0, 0, 2048 | Gyro: 0, 0, 0 | GPS: 12.34,56.78,25.0,8
Accel: 0, 0, 2048 | Gyro: 0, 0, 0 | GPS: 12.34,56.78,25.0,8
Accel: 0, 0, 2048 | Gyro: 0, 0, 0 | GPS: 12.34,56.78,25.0,8
Accel: 0, 0, 2048 | Gyro: 0, 0, 0 | GPS: 12.34,56.78,25.0,8
Accel: 0, 0, 2048 | Gyro: 0, 0, 0 | GPS: 12.34,56.78,25.0,8
Accel: 0, 0, 2048 | Gyro: 0, 0, 0 | GPS: 12.34,56.78,25.0,8
Accel: 0, 0, 2048 | Gyro: 0, 0, 0 | GPS: 12.34,56.78,25.0,8
Accel: 0, 0, 2048 | Gyro: 0, 0, 0 | GPS: 12.34,56.78,25.0,8
Accel: 0, 0, 2048 | Gyro: 0, 0, 0 | GPS: 12.34,56.78,25.0,8
Accel: 0, 0, 2048 | Gyro: 0, 0, 0 | GPS: 12.34,56.78,25.0,8
Accel: 0, 0, 2048 | Gyro: 0, 0, 0 | GPS: 12.34,56.78,25.0,8
Accel: 0, 0, 2048 | Gyro: 0, 0, 0 | GPS: 12.34,56.78,25.0,8
Accel: 0, 0, 2048 | Gyro: 0, 0, 0 | GPS: 12.34,56.78,25.0,8
Accel: 0, 0, 2048 | Gyro: 0, 0, 0 | GPS: 12.34,56.78,25.0,8
Accel: 0, 0, 2048 | Gyro: 0, 0, 0 | GPS: 12.34,56.78,25.0,8
Accel: 0, 0, 2048 | Gyro: 0, 0, 0 | GPS: 12.34,56.78,25.0,8
Accel: 0, 0, 2048 | Gyro: 0, 0, 0 | GPS: 12.34,56.78,25.0,8
Accel: 0, 0, 2048 | Gyro: 0, 0, 0 | GPS: 12.34,56.78,25.0,8
Accel: 0, 0, 2048 | Gyro: 0, 0, 0 | GPS: 12.34,56.78,25.0,8
Accel: 0, 0, 2048 | Gyro: 0, 0, 0 | GPS: 12.34,56.78,25.0,8
Accel: 0, 0, 2048 | Gyro: 0, 0, 0 | GPS: 12.34,56.78,25.0,8
Accel: 0, 0, 2048 | Gyro: 0, 0, 0 | GPS: 12.34,56.78,25.0,8
Accel: 0, 0, 2048 | Gyro: 0, 0, 0 | GPS: 12.34,56.78,25.0,8
Accel: 0, 0, 2048 | Gyro: 0, 0, 0 | GPS: 12.34,56.78,25.0,8
Accel: 0, 0, 2048 | Gyro: 0, 0, 0 | GPS: 12.34,56.78,25.0,8
Accel: 0, 0, 2048 | Gyro: 0, 0, 0 | GPS: 12.34,56.78,25.0,8
Accel: 0, 0, 2048 | Gyro: 0, 0, 0 | GPS: 12.34,56.78,25.0,8
Accel: 0, 0, 2048 | Gyro: 0, 0, 0 | GPS: 12.34,56.78,25.0,8
Accel: 0, 0, 2048 | Gyro: 0, 0, 0 | GPS: 12.34,56.78,25.0,8
Accel: 0, 0, 2048 | Gyro: 0, 0, 0 | GPS: 12.34,56.78,25.0,8
Accel: 0, 0, 2048 | Gyro: 0, 0, 0 | GPS: 12.34,56.78,25.0,8
Accel: 0, 0, 2048 | Gyro: 0, 0, 0 | GPS: 12.34,56.78,25.0,8
Accel: 0, 0, 2048 | Gyro: 0, 0, 0 | GPS: 12.34,56.78,25.0,8
Accel: 0, 0, 2048 | Gyro: 0, 0, 0 | GPS: 12.34,56.78,25.0,8
Accel: 0, 0, 2048 | Gyro: 0, 0, 0 | GPS: 12.34,56.78,25.0,8
Accel: 0, 0, 2048 | Gyro: 0, 0, 0 | GPS: 12.34,56.78,25.0,8
Accel: 0, 0, 2048 | Gyro: 0, 0, 0 | GPS: 12.34,56.78,25.0,8
Accel: 0, 0, 2048 | Gyro: 0, 0, 0 | GPS: 12.34,56.78,25.0,8
Accel: 0, 0, 2048 | Gyro: 0, 0, 0 | GPS: 12.34,56.78,25.0,8
Accel: 0, 0, 2048 | Gyro: 0, 0, 0 | GPS: 12.34,56.78,25.0,8
Accel: 0, 0, 2048 | Gyro: 0, 0, 0 | GPS: 12.34,56.78,25.0,8
Accel: 0, 0, 2048 | Gyro: 0, 0, 0 | GPS: 12.34,56.78,25.0,8
Accel: 0, 0, 2048 | Gyro: 0, 0, 0 | GPS: 12.34,56.78,25.0,8
Accel: 0, 0, 2048 | Gyro: 0, 0, 0 | GPS: 12.34,56.78,25.0,8
Accel: 0, 0, 2048 | Gyro: 0, 0, 0 | GPS: 12.34,56.78,25.0,8
Accel: 0, 0, 2048 | Gyro: 0, 0, 0 | GPS: 12.34,56.78,25.0,8
Accel: 0, 0, 2048 | Gyro: 0, 0, 0 | GPS: 12.34,56.78,25.0,8
Accel: 0, 0, 2048 | Gyro: 0, 0, 0 | GPS: 12.34,56.78,25.0,8
Accel: 0, 0, 2048 | Gyro: 0, 0, 0 | GPS: 12.34,56.78,25.0,8
Accel: 0, 0, 2048 | Gyro: 0, 0, 0 | GPS: 12.34,56.78,25.0,8
Accel: 0, 0, 2048 | Gyro: 0, 0, 0 | GPS: 12.34,56.78,25.0,8
Accel: 0, 0, 2048 | Gyro: 0, 0, 0 | GPS: 12.34,56.78,25.0,8
Accel: 0, 0, 2048 | Gyro: 0, 0, 0 | GPS: 12.34,56.78,25.0,8
Accel: 0, 0, 2048 | Gyro: 0, 0, 0 | GPS: 12.34,56.78,25.0,8
Accel: 0, 0, 2048 | Gyro: 0, 0, 0 | GPS: 12.34,56.78,25.0,8
Accel: 0, 0, 2048 | Gyro: 0, 0, 0 | GPS: 12.34,56.78,25.0,8
Accel: 0, 0, 2048 | Gyro: 0, 0, 0 | GPS: 12.34,56.78,25.0,8
Accel: 0, 0, 2048 | Gyro: 0, 0, 0 | GPS: 12.34,56.78,25.0,8
Accel: 0, 0, 2048 | Gyro: 0, 0, 0 | GPS: 12.34,56.78,25.0,8
Accel: 0, 0, 2048 | Gyro: 0, 0, 0 | GPS: 12.34,56.78,25.0,8
Accel: 0, 0, 2048 | Gyro: 0, 0, 0 | GPS: 12.34,56.78,25.0,8
Accel: 0, 0, 2048 | Gyro: 0, 0, 0 | GPS: 12.34,56.78,25.0,8
Accel: 0, 0, 2048 | Gyro: 0, 0, 0 | GPS: 12.34,56.78,25.0,8
Accel: 0, 0, 2048 | Gyro: 0, 0, 0 | GPS: 12.34,56.78,25.0,8
Accel: 0, 0, 2048 | Gyro: 0, 0, 0 | GPS: 12.34,56.78,25.0,8
Accel: 0, 0, 2048 | Gyro: 0, 0, 0 | GPS: 12.34,56.78,25.0,8
Accel: 0, 0, 2048 | Gyro: 0, 0, 0 | GPS: 12.34,56.78,25.0,8
Accel: 0, 0, 2048 | Gyro: 0, 0, 0 | GPS: 12.34,56.78,25.0,8
Accel: 0, 0, 2048 | Gyro: 0, 0, 0 | GPS: 12.34,56.78,25.0,8
Accel: 0, 0, 2048 | Gyro: 0, 0, 0 | GPS: 12.34,56.78,25.0,8
Accel: 0, 0, 2048 | Gyro: 0, 0, 0 | GPS: 12.34,56.78,25.0,8
Accel: 0, 0, 2048 | Gyro: 0, 0, 0 | GPS: 12.34,56.78,25.0,8
Accel: 0, 0, 2048 | Gyro: 0, 0, 0 | GPS: 12.34,56.78,25.0,8
Accel: 0, 0, 2048 | Gyro: 0, 0, 0 | GPS: 12.34,56.78,25.0,8
Accel: 0, 0, 2048 | Gyro: 0, 0, 0 | GPS: 12.34,56.78,25.0,8
Accel: 0, 0, 2048 | Gyro: 0, 0, 0 | GPS: 12.34,56.78,25.0,8
Accel: 0, 0, 2048 | Gyro: 0, 0, 0 | GPS: 12.34,56.78,25.0,8
Accel: 0, 0, 2048 | Gyro: 0, 0, 0 | GPS: 12.34,56.78,25.0,8
Accel: 0, 0, 2048 | Gyro: 0, 0, 0 | GPS: 12.34,56.78,25.0,8
Accel: 0, 0, 2048 | Gyro: 0, 0, 0 | GPS: 12.34,56.78,25.0,8
Accel: 0, 0, 2048 | Gyro: 0, 0, 0 | GPS: 12.34,56.78,25.0,8
Accel: 0, 0, 2048 | Gyro: 0, 0, 0 | GPS: 12.34,56.78,25.0,8
Accel: 0, 0, 2048 | Gyro: 0, 0, 0 | GPS: 12.34,56.78,25.0,8
Accel: 0, 0, 2048 | Gyro: 0, 0, 0 | GPS: 12.34,56.78,25.0,8
Accel: 0, 0, 2048 | Gyro: 0, 0, 0 | GPS: 12.34,56.78,25.0,8
Accel: 0, 0, 2048 | Gyro: 0, 0, 0 | GPS: 12.34,56.78,25.0,8
Accel: 0, 0, 2048 | Gyro: 0, 0, 0 | GPS: 12.34,56.78,25.0,8
Accel: 0, 0, 2048 | Gyro: 0, 0, 0 | GPS: 12.34,56.78,25.0,8
Accel: 0, 0, 2048 | Gyro: 0, 0, 0 | GPS: 12.34,56.78,25.0,8
Accel: 0, 0, 2048 | Gyro: 0, 0, 0 | GPS: 12.34,56.78,25.0,8
Accel: 0, 0, 2048 | Gyro: 0, 0, 0 | GPS: 12.34,56.78,25.0,8
Accel: 0, 0, 2048 | Gyro: 0, 0, 0 | GPS: 12.34,56.78,25.0,8
Accel: 0, 0, 2048 | Gyro: 0, 0, 0 | GPS: 12.34,56.78,25.0,8
Accel: 0, 0, 2048 | Gyro: 0, 0, 0 | GPS: 12.34,56.78,25.0,8
Accel: 0, 0, 2048 | Gyro: 0, 0, 0 | GPS: 12.34,56.78,25.0,8
Accel: 0, 0, 2048 | Gyro: 0, 0, 0 | GPS: 12.34,56.78,25.0,8
Accel: 0, 0, 2048 | Gyro: 0, 0, 0 | GPS: 12.34,56.78,25.0,8
Accel: 0, 0, 2048 | Gyro: 0, 0, 0 | GPS: 12.34,56.78,25.0,8
Accel: 0, 0, 2048 | Gyro: 0, 0, 0 | GPS: 12.34,56.78,25.0,8
Accel: 0, 0, 2048 | Gyro: 0, 0, 0 | GPS: 12.34,56.78,25.0,8
Accel: 0, 0, 2048 | Gyro: 0, 0, 0 | GPS: 12.34,56.78,25.0,8
Accel: 0, 0, 2048 | Gyro: 0, 0, 0 | GPS: 12.34,56.78,25.0,8
Accel: 0, 0, 2048 | Gyro: 0, 0, 0 | GPS: 12.34,56.78,25.0,8
Accel: 0, 0, 2048 | Gyro: 0, 0, 0 | GPS: 12.34,56.78,25.0,8
Accel: 0, 0, 2048 | Gyro: 0, 0, 0 | GPS: 12.34,56.78,25.0,8
Accel: 0, 0, 2048 | Gyro: 0, 0, 0 | GPS: 12.34,56.78,25.0,8
Accel: 0, 0, 2048 | Gyro: 0, 0, 0 | GPS: 12.34,56.78,25.0,8
Accel: 0, 0, 2048 | Gyro: 0, 0, 0 | GPS: 12.34,56.78,25.0,8
Accel: 0, 0, 2048 | Gyro: 0, 0, 0 | GPS: 12.34,56.78,25.0,8
Accel: 0, 0, 2048 | Gyro: 0, 0, 0 | GPS: 12.34,56.78,25.0,8
Accel: 0, 0, 2048 | Gyro: 0, 0, 0 | GPS: 12.34,56.78,25.0,8
Accel: 0, 0, 2048 | Gyro: 0, 0, 0 | GPS: 12.34,56.78,25.0,8
Accel: 0, 0, 2048 | Gyro: 0, 0, 0 | GPS: 12.34,56.78,25.0,8
Accel: 0, 0, 2048 | Gyro: 0, 0, 0 | GPS: 12.34,56.78,25.0,8
Accel: 0, 0, 2048 | Gyro: 0, 0, 0 | GPS: 12.34,56.78,25.0,8
Accel: 0, 0, 2048 | Gyro: 0, 0, 0 | GPS: 12.34,56.78,25.0,8
Accel: 0, 0, 2048 | Gyro: 0, 0, 0 | GPS: 12.34,56.78,25.0,8
Accel: 0, 0, 2048 | Gyro: 0, 0, 0 | GPS: 12.34,56.78,25.0,8
Accel: 0, 0, 2048 | Gyro: 0, 0, 0 | GPS: 12.34,56.78,25.0,8
Accel: 0, 0, 2048 | Gyro: 0, 0, 0 | GPS: 12.34,56.78,25.0,8
Accel: 0, 0, 2048 | Gyro: 0, 0, 0 | GPS: 12.34,56.78,25.0,8
Accel: 0, 0, 2048 | Gyro: 0, 0, 0 | GPS: 12.34,56.78,25.0,8
Accel: 0, 0, 2048 | Gyro: 0, 0, 0 | GPS: 12.34,56.78,25.0,8
Accel: 0, 0, 2048 | Gyro: 0, 0, 0 | GPS: 12.34,56.78,25.0,8
Accel: 0, 0, 2048 | Gyro: 0, 0, 0 | GPS: 12.34,56.78,25.0,8
Accel: 0, 0, 2048 | Gyro: 0, 0, 0 | GPS: 12.34,56.78,25.0,8
Accel: 0, 0, 2048 | Gyro: 0, 0, 0 | GPS: 12.34,56.78,25.0,8
